******************************************************************************
                  TI ARM Linker PC v18.12.6                    
******************************************************************************
>> Linked Wed Sep 23 15:13:25 2020

OUTPUT FILE NAME:   <esp8266-client.out>
ENTRY POINT SYMBOL: "_c_int00_noargs"  address: 0000332d


MEMORY CONFIGURATION

         name            origin    length      used     unused   attr    fill
----------------------  --------  ---------  --------  --------  ----  --------
  MAIN                  00000000   00040000  00003609  0003c9f7  R  X
  INFO                  00200000   00004000  00000000  00004000  R  X
  SRAM_CODE             01000000   00010000  00001453  0000ebad  RW X
  SRAM_DATA             20000000   00010000  00001453  0000ebad  RW  


SEGMENT ALLOCATION MAP

run origin  load origin   length   init length attrs members
----------  ----------- ---------- ----------- ----- -------
00000000    00000000    00003610   00003610    r-x
  00000000    00000000    000000e4   000000e4    r-- .intvecs
  000000e4    000000e4    000033ac   000033ac    r-x .text
  00003490    00003490    00000111   00000111    r-- .const
  000035a8    000035a8    00000068   00000068    r-- .cinit
20000000    20000000    00001053   00000000    rw-
  20000000    20000000    0000100c   00000000    rw- .bss
  2000100c    2000100c    00000047   00000000    rw- .data
2000fc00    2000fc00    00000400   00000000    rw-
  2000fc00    2000fc00    00000400   00000000    rw- .stack


SECTION ALLOCATION MAP

 output                                  attributes/
section   page    origin      length       input sections
--------  ----  ----------  ----------   ----------------
.intvecs   0    00000000    000000e4     
                  00000000    000000e4     startup_msp432p401r_ccs.obj (.intvecs:retain)

.text      0    000000e4    000033ac     
                  000000e4    00000a4e     rtsv7M4_T_le_v4SPD16_eabi.lib : _printfi.c.obj (.text:__TI_printfi)
                  00000b32    00000002                                   : div0.asm.obj (.text)
                  00000b34    00000728     ESP8266.obj (.text)
                  0000125c    0000071c     main.obj (.text)
                  00001978    00000334     system_msp432p401r.obj (.text)
                  00001cac    00000270     rtsv7M4_T_le_v4SPD16_eabi.lib : _printfi.c.obj (.text:_pconv_a)
                  00001f1c    00000222     MSPIO.obj (.text)
                  0000213e    00000002     --HOLE-- [fill = 0]
                  00002140    000001d0     rtsv7M4_T_le_v4SPD16_eabi.lib : _printfi.c.obj (.text:_pconv_g)
                  00002310    000001c8     UART_Driver.obj (.text)
                  000024d8    000001b6     rtsv7M4_T_le_v4SPD16_eabi.lib : fd_add_t2.asm.obj (.text)
                  0000268e    00000002     --HOLE-- [fill = 0]
                  00002690    0000013c                                   : _printfi.c.obj (.text:_pconv_e)
                  000027cc    00000136                                   : fd_div_t2.asm.obj (.text)
                  00002902    00000002     --HOLE-- [fill = 0]
                  00002904    00000124                                   : _printfi.c.obj (.text:fcvt)
                  00002a28    00000110                                   : s_scalbn.c.obj (.text:scalbn)
                  00002b38    000000fc                                   : fd_mul_t2.asm.obj (.text)
                  00002c34    000000b1                                   : _printfi.c.obj (.text:_ltostr)
                  00002ce5    00000001     --HOLE-- [fill = 0]
                  00002ce6    0000009c                                   : memcpy_t2.asm.obj (.text)
                  00002d82    00000096                                   : ull_div_t2.asm.obj (.text)
                  00002e18    00000086                                   : fd_cmp_t2.asm.obj (.text:__aeabi_cdcmple)
                  00002e9e    00000086                                   : fd_cmp_t2.asm.obj (.text:__aeabi_cdrcmple)
                  00002f24    0000007a                                   : memset_t2.asm.obj (.text)
                  00002f9e    0000006e                                   : _printfi.c.obj (.text:_mcpy)
                  0000300c    00000068                                   : copy_decompress_lzss.c.obj (.text:decompress:lzss:__TI_decompress_lzss)
                  00003074    00000064                                   : s_frexp.c.obj (.text:frexp)
                  000030d8    00000056                                   : _printfi.c.obj (.text:_pconv_f)
                  0000312e    00000054                                   : ltoa.c.obj (.text:ltoa)
                  00003182    00000052                                   : _printfi.c.obj (.text:_ecpy)
                  000031d4    0000004c                                   : atoi.c.obj (.text:atoi)
                  00003220    00000048                                   : fd_toi_t2.asm.obj (.text)
                  00003268    00000044                                   : autoinit.c.obj (.text:__TI_auto_init_nobinit_nopinit:__TI_auto_init_nobinit_nopinit)
                  000032ac    00000040                                   : sprintf.c.obj (.text:sprintf)
                  000032ec    0000003e                                   : _printfi.c.obj (.text:_fcpy)
                  0000332a    00000002     --HOLE-- [fill = 0]
                  0000332c    00000034                                   : boot_cortex_m.c.obj (.text:_c_int00_noargs:_c_int00_noargs)
                  00003360    00000034                                   : strstr.c.obj (.text:strstr)
                  00003394    0000002e                                   : i_tofd_t2.asm.obj (.text)
                  000033c2    0000001c                                   : memccpy.c.obj (.text:memccpy)
                  000033de    0000001a                                   : s_copysign.c.obj (.text:copysign)
                  000033f8    00000018                                   : sprintf.c.obj (.text:_outs)
                  00003410    00000016                                   : strchr.c.obj (.text:strchr)
                  00003426    00000014                                   : strlen.c.obj (.text:strlen)
                  0000343a    00000012                                   : wcslen.c.obj (.text:wcslen)
                  0000344c    0000000e                                   : copy_decompress_none.c.obj (.text:decompress:none:__TI_decompress_none)
                  0000345a    0000000e     startup_msp432p401r_ccs.obj (.text)
                  00003468    0000000c     rtsv7M4_T_le_v4SPD16_eabi.lib : copy_zero_init.c.obj (.text:decompress:ZI:__TI_zero_init)
                  00003474    0000000a                                   : sprintf.c.obj (.text:_outc)
                  0000347e    00000002     --HOLE-- [fill = 0]
                  00003480    00000008                                   : errno.c.obj (.text:__aeabi_errno_addr)
                  00003488    00000004                                   : pre_init.c.obj (.text:_system_pre_init)
                  0000348c    00000004                                   : exit.c.obj (.text:abort:abort)

.const     0    00003490    00000111     
                  00003490    00000101     rtsv7M4_T_le_v4SPD16_eabi.lib : ctype.c.obj (.const:.string:_ctypes_)
                  00003591    00000010     main.obj (.const:.string:$P$T0$1)

.cinit     0    000035a8    00000068     
                  000035a8    00000042     (.cinit..data.load) [load image, compression = lzss]
                  000035ea    00000002     --HOLE-- [fill = 0]
                  000035ec    0000000c     (__TI_handler_table)
                  000035f8    00000008     (.cinit..bss.load) [load image, compression = zero_init]
                  00003600    00000010     (__TI_cinit_table)

.init_array 
*          0    00000000    00000000     UNINITIALIZED

.binit     0    00000000    00000000     

.bss       0    20000000    0000100c     UNINITIALIZED
                  20000000    00000800     (.common:ESP8266_Buffer)
                  20000800    00000800     (.common:UART_DATA)
                  20001000    00000004     (.common:esp866_data)
                  20001004    00000004     (.common:uart_head)
                  20001008    00000004     (.common:uart_tail)

.data      0    2000100c    00000047     UNINITIALIZED
                  2000100c    0000000e     main.obj (.data:Server_IP)
                  2000101a    0000000e     main.obj (.data:static_IP)
                  20001028    0000000c     main.obj (.data)
                  20001034    0000000b     main.obj (.data:ssid)
                  2000103f    00000009     main.obj (.data:pwd)
                  20001048    00000004     rtsv7M4_T_le_v4SPD16_eabi.lib : errno.c.obj (.data)
                  2000104c    00000004     system_msp432p401r.obj (.data)
                  20001050    00000003     main.obj (.data:port)

.stack     0    2000fc00    00000400     UNINITIALIZED
                  2000fc00    00000004     rtsv7M4_T_le_v4SPD16_eabi.lib : boot_cortex_m.c.obj (.stack)
                  2000fc04    000003fc     --HOLE--

MODULE SUMMARY

       Module                        code    ro data   rw data
       ------                        ----    -------   -------
    .\
       main.obj                      1820    16        134    
       system_msp432p401r.obj        820     0         8      
       startup_msp432p401r_ccs.obj   14      228       0      
    +--+-----------------------------+-------+---------+---------+
       Total:                        2654    244       142    
                                                              
    .\Devices\
       ESP8266.obj                   1832    0         4096   
       MSPIO.obj                     546     0         0      
    +--+-----------------------------+-------+---------+---------+
       Total:                        2378    0         4096   
                                                              
    .\Hardware\
       UART_Driver.obj               456     0         4112   
    +--+-----------------------------+-------+---------+---------+
       Total:                        456     0         4112   
                                                              
    C:\ti\ccsv8\tools\compiler\ti-cgt-arm_18.12.6.LTS\lib\rtsv7M4_T_le_v4SPD16_eabi.lib
       _printfi.c.obj                4851    0         0      
       fd_add_t2.asm.obj             438     0         0      
       fd_div_t2.asm.obj             310     0         0      
       s_scalbn.c.obj                272     0         0      
       fd_cmp_t2.asm.obj             268     0         0      
       ctype.c.obj                   0       257       0      
       fd_mul_t2.asm.obj             252     0         0      
       memcpy_t2.asm.obj             156     0         0      
       ull_div_t2.asm.obj            150     0         0      
       memset_t2.asm.obj             122     0         0      
       copy_decompress_lzss.c.obj    104     0         0      
       s_frexp.c.obj                 100     0         0      
       sprintf.c.obj                 98      0         0      
       ltoa.c.obj                    84      0         0      
       atoi.c.obj                    76      0         0      
       fd_toi_t2.asm.obj             72      0         0      
       autoinit.c.obj                68      0         0      
       boot_cortex_m.c.obj           52      0         0      
       strstr.c.obj                  52      0         0      
       i_tofd_t2.asm.obj             46      0         0      
       memccpy.c.obj                 28      0         0      
       s_copysign.c.obj              26      0         0      
       strchr.c.obj                  22      0         0      
       strlen.c.obj                  20      0         0      
       wcslen.c.obj                  18      0         0      
       errno.c.obj                   8       0         8      
       copy_decompress_none.c.obj    14      0         0      
       copy_zero_init.c.obj          12      0         0      
       exit.c.obj                    4       0         0      
       pre_init.c.obj                4       0         0      
       div0.asm.obj                  2       0         0      
    +--+-----------------------------+-------+---------+---------+
       Total:                        7729    257       8      
                                                              
       Stack:                        0       0         2048   
       Linker Generated:             0       102       0      
    +--+-----------------------------+-------+---------+---------+
       Grand Total:                  13217   603       10406  


LINKER GENERATED COPY TABLES

__TI_cinit_table @ 00003600 records: 2, size/record: 8, table size: 16
	.data: load addr=000035a8, load size=00000042 bytes, run addr=2000100c, run size=00000047 bytes, compression=lzss
	.bss: load addr=000035f8, load size=00000008 bytes, run addr=20000000, run size=0000100c bytes, compression=zero_init


LINKER GENERATED HANDLER TABLE

__TI_handler_table @ 000035ec records: 3, size/record: 4, table size: 12
	index: 0, handler: __TI_decompress_lzss
	index: 1, handler: __TI_decompress_none
	index: 2, handler: __TI_zero_init


GLOBAL SYMBOLS: SORTED ALPHABETICALLY BY Name 

address   name                             
-------   ----                             
00003467  ADC14_IRQHandler                 
0000167d  ADC_SETUP                        
00003467  AES256_IRQHandler                
00003467  BusFault_Handler                 
0000348d  C$$EXIT                          
00003467  COMP_E0_IRQHandler               
00003467  COMP_E1_IRQHandler               
00003467  CS_IRQHandler                    
2000102d  DEBUG                            
00003467  DMA_ERR_IRQHandler               
00003467  DMA_INT0_IRQHandler              
00003467  DMA_INT1_IRQHandler              
00003467  DMA_INT2_IRQHandler              
00003467  DMA_INT3_IRQHandler              
00003467  DebugMon_Handler                 
00003467  Default_Handler                  
00000c45  ESP8266_AssociatedIPs            
00000c15  ESP8266_AvailableAPs             
20000000  ESP8266_Buffer                   
000011c1  ESP8266_CheckAP                  
00000b9f  ESP8266_CheckConnection          
00000c75  ESP8266_ConnectToAP              
00000d1f  ESP8266_EnableMultipleConnections
00000df3  ESP8266_EstablishConnection      
000011f1  ESP8266_GetBuffer                
00001215  ESP8266_HardReset                
00000ce3  ESP8266_ProduceAP                
00001147  ESP8266_ReceiveData              
00000e79  ESP8266_SendData                 
00000bcf  ESP8266_SetMode                  
00000db1  ESP8266_SetStaticIP              
00000d77  ESP8266_StartServer              
00000f03  ESP8266_Terminal                 
00000b35  ESP8266_WaitForAnswer            
00002451  EUSCIA0_IRQHandler               
00002451  EUSCIA0_IRQHandler               
00003467  EUSCIA1_IRQHandler               
0000245d  EUSCIA2_IRQHandler               
0000245d  EUSCIA2_IRQHandler               
00003467  EUSCIA3_IRQHandler               
00003467  EUSCIB0_IRQHandler               
00003467  EUSCIB1_IRQHandler               
00003467  EUSCIB2_IRQHandler               
00003467  EUSCIB3_IRQHandler               
00003467  FLCTL_IRQHandler                 
00003467  FPU_IRQHandler                   
00001009  GetDataFromBuffer                
00003467  HardFault_Handler                
00001389  Initialize_Esp8266               
20001029  List_AP                          
00002099  MSPgets                          
00001fdf  MSPrintf                         
00003467  MemManage_Handler                
00003467  NMI_Handler                      
00003467  PCM_IRQHandler                   
00003467  PORT1_IRQHandler                 
00003467  PORT2_IRQHandler                 
00003467  PORT3_IRQHandler                 
00003467  PORT4_IRQHandler                 
00003467  PORT5_IRQHandler                 
00003467  PORT6_IRQHandler                 
00003467  PSS_IRQHandler                   
00003467  PendSV_Handler                   
00001f1d  PrintChar                        
00001f53  PrintInteger                     
00001f31  PrintString                      
00003467  RTC_C_IRQHandler                 
0000345b  Reset_Handler                    
00003467  SVC_Handler                      
2000100c  Server_IP                        
2000102a  Set_Static_IP                    
00001647  SysTick_Handler                  
00001647  SysTick_Handler                  
2000104c  SystemCoreClock                  
00001979  SystemCoreClockUpdate            
00001bf1  SystemInit                       
20001030  Systick_Cnt                      
00001623  Systick_Setup                    
00003467  T32_INT1_IRQHandler              
00003467  T32_INT2_IRQHandler              
00003467  T32_INTC_IRQHandler              
00003467  TA0_0_IRQHandler                 
00003467  TA0_N_IRQHandler                 
00003467  TA1_0_IRQHandler                 
00003467  TA1_N_IRQHandler                 
00003467  TA2_0_IRQHandler                 
00003467  TA2_N_IRQHandler                 
00003467  TA3_0_IRQHandler                 
00003467  TA3_N_IRQHandler                 
0000241f  UART_Available                   
20000800  UART_DATA                        
00002433  UART_Flush                       
00002311  UART_Init                        
000023bb  UART_Read                        
00002381  UART_Write                       
00003467  UsageFault_Handler               
4000480c  WDTCTL_SYM                       
00003467  WDT_A_IRQHandler                 
20010000  __STACK_END                      
00000400  __STACK_SIZE                     
00003600  __TI_CINIT_Base                  
00003610  __TI_CINIT_Limit                 
000035ec  __TI_Handler_Table_Base          
000035f8  __TI_Handler_Table_Limit         
00003269  __TI_auto_init_nobinit_nopinit   
0000300d  __TI_decompress_lzss             
0000344d  __TI_decompress_none             
ffffffff  __TI_pprof_out_hndl              
000000e5  __TI_printfi                     
ffffffff  __TI_prof_data_size              
ffffffff  __TI_prof_data_start             
00000000  __TI_static_base__               
00003469  __TI_zero_init                   
00002e19  __aeabi_cdcmpeq                  
00002e19  __aeabi_cdcmple                  
00002e9f  __aeabi_cdrcmple                 
00003221  __aeabi_d2iz                     
000024e3  __aeabi_dadd                     
000027cd  __aeabi_ddiv                     
00002b39  __aeabi_dmul                     
000024d9  __aeabi_dsub                     
00003481  __aeabi_errno_addr               
00003395  __aeabi_i2d                      
00000b33  __aeabi_idiv0                    
00000b33  __aeabi_ldiv0                    
00002f25  __aeabi_memclr                   
00002f25  __aeabi_memclr4                  
00002f25  __aeabi_memclr8                  
00002ce7  __aeabi_memcpy                   
00002ce7  __aeabi_memcpy4                  
00002ce7  __aeabi_memcpy8                  
00002f27  __aeabi_memset                   
00002f27  __aeabi_memset4                  
00002f27  __aeabi_memset8                  
00002d83  __aeabi_uldivmod                 
ffffffff  __binit__                        
ffffffff  __c_args__                       
UNDEFED   __mpu_init                       
2000fc00  __stack                          
0000332d  _c_int00_noargs                  
00003490  _ctypes_                         
UNDEFED   _system_post_cinit               
00003489  _system_pre_init                 
0000348d  abort                            
000031d5  atoi                             
ffffffff  binit                            
2000102c  check_AP                         
2000102b  connection_mode                  
000033df  copysign                         
000033df  copysignl                        
000017cd  delay                            
20001048  errno                            
20001000  esp866_data                      
20001028  esp_config                       
00003075  frexp                            
00003075  frexpl                           
00000000  interruptVectors                 
00002a29  ldexp                            
00002a29  ldexpl                           
0000312f  ltoa                             
0000125d  main                             
000033c3  memccpy                          
00002ce7  memcpy                           
00002f2d  memset                           
20001050  port                             
2000103f  pwd                              
00002a29  scalbn                           
00002a29  scalbnl                          
00001869  set3MhzClock                     
000032ad  sprintf                          
20001034  ssid                             
2000101a  static_IP                        
00003411  strchr                           
00003427  strlen                           
00003361  strstr                           
20001004  uart_head                        
20001008  uart_tail                        
0000343b  wcslen                           
2000102e  wifi_mode                        


GLOBAL SYMBOLS: SORTED BY Symbol Address 

address   name                             
-------   ----                             
00000000  __TI_static_base__               
00000000  interruptVectors                 
000000e5  __TI_printfi                     
00000400  __STACK_SIZE                     
00000b33  __aeabi_idiv0                    
00000b33  __aeabi_ldiv0                    
00000b35  ESP8266_WaitForAnswer            
00000b9f  ESP8266_CheckConnection          
00000bcf  ESP8266_SetMode                  
00000c15  ESP8266_AvailableAPs             
00000c45  ESP8266_AssociatedIPs            
00000c75  ESP8266_ConnectToAP              
00000ce3  ESP8266_ProduceAP                
00000d1f  ESP8266_EnableMultipleConnections
00000d77  ESP8266_StartServer              
00000db1  ESP8266_SetStaticIP              
00000df3  ESP8266_EstablishConnection      
00000e79  ESP8266_SendData                 
00000f03  ESP8266_Terminal                 
00001009  GetDataFromBuffer                
00001147  ESP8266_ReceiveData              
000011c1  ESP8266_CheckAP                  
000011f1  ESP8266_GetBuffer                
00001215  ESP8266_HardReset                
0000125d  main                             
00001389  Initialize_Esp8266               
00001623  Systick_Setup                    
00001647  SysTick_Handler                  
00001647  SysTick_Handler                  
0000167d  ADC_SETUP                        
000017cd  delay                            
00001869  set3MhzClock                     
00001979  SystemCoreClockUpdate            
00001bf1  SystemInit                       
00001f1d  PrintChar                        
00001f31  PrintString                      
00001f53  PrintInteger                     
00001fdf  MSPrintf                         
00002099  MSPgets                          
00002311  UART_Init                        
00002381  UART_Write                       
000023bb  UART_Read                        
0000241f  UART_Available                   
00002433  UART_Flush                       
00002451  EUSCIA0_IRQHandler               
00002451  EUSCIA0_IRQHandler               
0000245d  EUSCIA2_IRQHandler               
0000245d  EUSCIA2_IRQHandler               
000024d9  __aeabi_dsub                     
000024e3  __aeabi_dadd                     
000027cd  __aeabi_ddiv                     
00002a29  ldexp                            
00002a29  ldexpl                           
00002a29  scalbn                           
00002a29  scalbnl                          
00002b39  __aeabi_dmul                     
00002ce7  __aeabi_memcpy                   
00002ce7  __aeabi_memcpy4                  
00002ce7  __aeabi_memcpy8                  
00002ce7  memcpy                           
00002d83  __aeabi_uldivmod                 
00002e19  __aeabi_cdcmpeq                  
00002e19  __aeabi_cdcmple                  
00002e9f  __aeabi_cdrcmple                 
00002f25  __aeabi_memclr                   
00002f25  __aeabi_memclr4                  
00002f25  __aeabi_memclr8                  
00002f27  __aeabi_memset                   
00002f27  __aeabi_memset4                  
00002f27  __aeabi_memset8                  
00002f2d  memset                           
0000300d  __TI_decompress_lzss             
00003075  frexp                            
00003075  frexpl                           
0000312f  ltoa                             
000031d5  atoi                             
00003221  __aeabi_d2iz                     
00003269  __TI_auto_init_nobinit_nopinit   
000032ad  sprintf                          
0000332d  _c_int00_noargs                  
00003361  strstr                           
00003395  __aeabi_i2d                      
000033c3  memccpy                          
000033df  copysign                         
000033df  copysignl                        
00003411  strchr                           
00003427  strlen                           
0000343b  wcslen                           
0000344d  __TI_decompress_none             
0000345b  Reset_Handler                    
00003467  ADC14_IRQHandler                 
00003467  AES256_IRQHandler                
00003467  BusFault_Handler                 
00003467  COMP_E0_IRQHandler               
00003467  COMP_E1_IRQHandler               
00003467  CS_IRQHandler                    
00003467  DMA_ERR_IRQHandler               
00003467  DMA_INT0_IRQHandler              
00003467  DMA_INT1_IRQHandler              
00003467  DMA_INT2_IRQHandler              
00003467  DMA_INT3_IRQHandler              
00003467  DebugMon_Handler                 
00003467  Default_Handler                  
00003467  EUSCIA1_IRQHandler               
00003467  EUSCIA3_IRQHandler               
00003467  EUSCIB0_IRQHandler               
00003467  EUSCIB1_IRQHandler               
00003467  EUSCIB2_IRQHandler               
00003467  EUSCIB3_IRQHandler               
00003467  FLCTL_IRQHandler                 
00003467  FPU_IRQHandler                   
00003467  HardFault_Handler                
00003467  MemManage_Handler                
00003467  NMI_Handler                      
00003467  PCM_IRQHandler                   
00003467  PORT1_IRQHandler                 
00003467  PORT2_IRQHandler                 
00003467  PORT3_IRQHandler                 
00003467  PORT4_IRQHandler                 
00003467  PORT5_IRQHandler                 
00003467  PORT6_IRQHandler                 
00003467  PSS_IRQHandler                   
00003467  PendSV_Handler                   
00003467  RTC_C_IRQHandler                 
00003467  SVC_Handler                      
00003467  T32_INT1_IRQHandler              
00003467  T32_INT2_IRQHandler              
00003467  T32_INTC_IRQHandler              
00003467  TA0_0_IRQHandler                 
00003467  TA0_N_IRQHandler                 
00003467  TA1_0_IRQHandler                 
00003467  TA1_N_IRQHandler                 
00003467  TA2_0_IRQHandler                 
00003467  TA2_N_IRQHandler                 
00003467  TA3_0_IRQHandler                 
00003467  TA3_N_IRQHandler                 
00003467  UsageFault_Handler               
00003467  WDT_A_IRQHandler                 
00003469  __TI_zero_init                   
00003481  __aeabi_errno_addr               
00003489  _system_pre_init                 
0000348d  C$$EXIT                          
0000348d  abort                            
00003490  _ctypes_                         
000035ec  __TI_Handler_Table_Base          
000035f8  __TI_Handler_Table_Limit         
00003600  __TI_CINIT_Base                  
00003610  __TI_CINIT_Limit                 
20000000  ESP8266_Buffer                   
20000800  UART_DATA                        
20001000  esp866_data                      
20001004  uart_head                        
20001008  uart_tail                        
2000100c  Server_IP                        
2000101a  static_IP                        
20001028  esp_config                       
20001029  List_AP                          
2000102a  Set_Static_IP                    
2000102b  connection_mode                  
2000102c  check_AP                         
2000102d  DEBUG                            
2000102e  wifi_mode                        
20001030  Systick_Cnt                      
20001034  ssid                             
2000103f  pwd                              
20001048  errno                            
2000104c  SystemCoreClock                  
20001050  port                             
2000fc00  __stack                          
20010000  __STACK_END                      
4000480c  WDTCTL_SYM                       
ffffffff  __TI_pprof_out_hndl              
ffffffff  __TI_prof_data_size              
ffffffff  __TI_prof_data_start             
ffffffff  __binit__                        
ffffffff  __c_args__                       
ffffffff  binit                            
UNDEFED   __mpu_init                       
UNDEFED   _system_post_cinit               

[179 symbols]
