******************************************************************************
                  TI ARM Linker PC v18.12.6                    
******************************************************************************
>> Linked Mon Sep 28 03:43:03 2020

OUTPUT FILE NAME:   <esp8266-client.out>
ENTRY POINT SYMBOL: "_c_int00_noargs"  address: 000034a9


MEMORY CONFIGURATION

         name            origin    length      used     unused   attr    fill
----------------------  --------  ---------  --------  --------  ----  --------
  MAIN                  00000000   00040000  00003798  0003c868  R  X
  INFO                  00200000   00004000  00000000  00004000  R  X
  SRAM_CODE             01000000   00010000  0000142d  0000ebd3  RW X
  SRAM_DATA             20000000   00010000  0000142d  0000ebd3  RW  


SEGMENT ALLOCATION MAP

run origin  load origin   length   init length attrs members
----------  ----------- ---------- ----------- ----- -------
00000000    00000000    00003798   00003798    r-x
  00000000    00000000    000000e4   000000e4    r-- .intvecs
  000000e4    000000e4    00003528   00003528    r-x .text
  0000360c    0000360c    00000144   00000144    r-- .const
  00003750    00003750    00000048   00000048    r-- .cinit
20000000    20000000    00001030   00000000    rw-
  20000000    20000000    0000100d   00000000    rw- .bss
  20001010    20001010    00000020   00000000    rw- .data
2000fc00    2000fc00    00000400   00000000    rw-
  2000fc00    2000fc00    00000400   00000000    rw- .stack


SECTION ALLOCATION MAP

 output                                  attributes/
section   page    origin      length       input sections
--------  ----  ----------  ----------   ----------------
.intvecs   0    00000000    000000e4     
                  00000000    000000e4     startup_msp432p401r_ccs.obj (.intvecs:retain)

.text      0    000000e4    00003528     
                  000000e4    00000a4e     rtsv7M4_T_le_v4SPD16_eabi.lib : _printfi.c.obj (.text:__TI_printfi)
                  00000b32    00000002                                   : div0.asm.obj (.text)
                  00000b34    00000898     client_main.obj (.text)
                  000013cc    00000728     ESP8266.obj (.text)
                  00001af4    00000334     system_msp432p401r.obj (.text)
                  00001e28    00000270     rtsv7M4_T_le_v4SPD16_eabi.lib : _printfi.c.obj (.text:_pconv_a)
                  00002098    00000222     MSPIO.obj (.text)
                  000022ba    00000002     --HOLE-- [fill = 0]
                  000022bc    000001d0     rtsv7M4_T_le_v4SPD16_eabi.lib : _printfi.c.obj (.text:_pconv_g)
                  0000248c    000001c8     UART_Driver.obj (.text)
                  00002654    000001b6     rtsv7M4_T_le_v4SPD16_eabi.lib : fd_add_t2.asm.obj (.text)
                  0000280a    00000002     --HOLE-- [fill = 0]
                  0000280c    0000013c                                   : _printfi.c.obj (.text:_pconv_e)
                  00002948    00000136                                   : fd_div_t2.asm.obj (.text)
                  00002a7e    00000002     --HOLE-- [fill = 0]
                  00002a80    00000124                                   : _printfi.c.obj (.text:fcvt)
                  00002ba4    00000110                                   : s_scalbn.c.obj (.text:scalbn)
                  00002cb4    000000fc                                   : fd_mul_t2.asm.obj (.text)
                  00002db0    000000b1                                   : _printfi.c.obj (.text:_ltostr)
                  00002e61    00000001     --HOLE-- [fill = 0]
                  00002e62    0000009c                                   : memcpy_t2.asm.obj (.text)
                  00002efe    00000096                                   : ull_div_t2.asm.obj (.text)
                  00002f94    00000086                                   : fd_cmp_t2.asm.obj (.text:__aeabi_cdcmple)
                  0000301a    00000086                                   : fd_cmp_t2.asm.obj (.text:__aeabi_cdrcmple)
                  000030a0    0000007a                                   : memset_t2.asm.obj (.text)
                  0000311a    0000006e                                   : _printfi.c.obj (.text:_mcpy)
                  00003188    00000068                                   : copy_decompress_lzss.c.obj (.text:decompress:lzss:__TI_decompress_lzss)
                  000031f0    00000064                                   : s_frexp.c.obj (.text:frexp)
                  00003254    00000056                                   : _printfi.c.obj (.text:_pconv_f)
                  000032aa    00000054                                   : ltoa.c.obj (.text:ltoa)
                  000032fe    00000052                                   : _printfi.c.obj (.text:_ecpy)
                  00003350    0000004c                                   : atoi.c.obj (.text:atoi)
                  0000339c    00000048                                   : fd_toi_t2.asm.obj (.text)
                  000033e4    00000044                                   : autoinit.c.obj (.text:__TI_auto_init_nobinit_nopinit:__TI_auto_init_nobinit_nopinit)
                  00003428    00000040                                   : sprintf.c.obj (.text:sprintf)
                  00003468    0000003e                                   : _printfi.c.obj (.text:_fcpy)
                  000034a6    00000002     --HOLE-- [fill = 0]
                  000034a8    00000034                                   : boot_cortex_m.c.obj (.text:_c_int00_noargs:_c_int00_noargs)
                  000034dc    00000034                                   : strstr.c.obj (.text:strstr)
                  00003510    0000002e                                   : i_tofd_t2.asm.obj (.text)
                  0000353e    0000001c                                   : memccpy.c.obj (.text:memccpy)
                  0000355a    0000001a                                   : s_copysign.c.obj (.text:copysign)
                  00003574    00000018                                   : sprintf.c.obj (.text:_outs)
                  0000358c    00000016                                   : strchr.c.obj (.text:strchr)
                  000035a2    00000014                                   : strlen.c.obj (.text:strlen)
                  000035b6    00000012                                   : wcslen.c.obj (.text:wcslen)
                  000035c8    0000000e                                   : copy_decompress_none.c.obj (.text:decompress:none:__TI_decompress_none)
                  000035d6    0000000e     startup_msp432p401r_ccs.obj (.text)
                  000035e4    0000000c     rtsv7M4_T_le_v4SPD16_eabi.lib : copy_zero_init.c.obj (.text:decompress:ZI:__TI_zero_init)
                  000035f0    0000000a                                   : sprintf.c.obj (.text:_outc)
                  000035fa    00000002     --HOLE-- [fill = 0]
                  000035fc    00000008                                   : errno.c.obj (.text:__aeabi_errno_addr)
                  00003604    00000004                                   : pre_init.c.obj (.text:_system_pre_init)
                  00003608    00000004                                   : exit.c.obj (.text:abort:abort)

.const     0    0000360c    00000144     
                  0000360c    00000101     rtsv7M4_T_le_v4SPD16_eabi.lib : ctype.c.obj (.const:.string:_ctypes_)
                  0000370d    0000000f     client_main.obj (.const:.string:station_IP)
                  0000371c    0000000e     client_main.obj (.const:.string:Server_IP)
                  0000372a    0000000b     client_main.obj (.const:.string:ssid)
                  00003735    00000009     client_main.obj (.const:.string:pwd)
                  0000373e    00000009     client_main.obj (.const:.string:router_pwd)
                  00003747    00000009     client_main.obj (.const:.string:router_ssid)

.cinit     0    00003750    00000048     
                  00003750    0000001e     (.cinit..data.load) [load image, compression = lzss]
                  0000376e    00000002     --HOLE-- [fill = 0]
                  00003770    0000000c     (__TI_handler_table)
                  0000377c    00000004     --HOLE-- [fill = 0]
                  00003780    00000008     (.cinit..bss.load) [load image, compression = zero_init]
                  00003788    00000010     (__TI_cinit_table)

.init_array 
*          0    00000000    00000000     UNINITIALIZED

.binit     0    00000000    00000000     

.bss       0    20000000    0000100d     UNINITIALIZED
                  20000000    00000800     (.common:ESP8266_Buffer)
                  20000800    00000800     (.common:UART_DATA)
                  20001000    00000004     (.common:esp866_data)
                  20001004    00000004     (.common:uart_head)
                  20001008    00000004     (.common:uart_tail)
                  2000100c    00000001     (.common:k)

.data      0    20001010    00000020     UNINITIALIZED
                  20001010    00000014     client_main.obj (.data)
                  20001024    00000004     rtsv7M4_T_le_v4SPD16_eabi.lib : errno.c.obj (.data)
                  20001028    00000004     system_msp432p401r.obj (.data)
                  2000102c    00000003     client_main.obj (.data:port)
                  2000102f    00000001     client_main.obj (.data:buff)

.stack     0    2000fc00    00000400     UNINITIALIZED
                  2000fc00    00000004     rtsv7M4_T_le_v4SPD16_eabi.lib : boot_cortex_m.c.obj (.stack)
                  2000fc04    000003fc     --HOLE--

MODULE SUMMARY

       Module                        code    ro data   rw data
       ------                        ----    -------   -------
    .\
       client_main.obj               2200    67        58     
       system_msp432p401r.obj        820     0         8      
       startup_msp432p401r_ccs.obj   14      228       0      
    +--+-----------------------------+-------+---------+---------+
       Total:                        3034    295       66     
                                                              
    .\Devices\
       ESP8266.obj                   1832    0         4096   
       MSPIO.obj                     546     0         0      
    +--+-----------------------------+-------+---------+---------+
       Total:                        2378    0         4096   
                                                              
    .\Hardware\
       UART_Driver.obj               456     0         4112   
    +--+-----------------------------+-------+---------+---------+
       Total:                        456     0         4112   
                                                              
    C:\ti\ccsv8\tools\compiler\ti-cgt-arm_18.12.6.LTS\lib\rtsv7M4_T_le_v4SPD16_eabi.lib
       _printfi.c.obj                4851    0         0      
       fd_add_t2.asm.obj             438     0         0      
       fd_div_t2.asm.obj             310     0         0      
       s_scalbn.c.obj                272     0         0      
       fd_cmp_t2.asm.obj             268     0         0      
       ctype.c.obj                   0       257       0      
       fd_mul_t2.asm.obj             252     0         0      
       memcpy_t2.asm.obj             156     0         0      
       ull_div_t2.asm.obj            150     0         0      
       memset_t2.asm.obj             122     0         0      
       copy_decompress_lzss.c.obj    104     0         0      
       s_frexp.c.obj                 100     0         0      
       sprintf.c.obj                 98      0         0      
       ltoa.c.obj                    84      0         0      
       atoi.c.obj                    76      0         0      
       fd_toi_t2.asm.obj             72      0         0      
       autoinit.c.obj                68      0         0      
       boot_cortex_m.c.obj           52      0         0      
       strstr.c.obj                  52      0         0      
       i_tofd_t2.asm.obj             46      0         0      
       memccpy.c.obj                 28      0         0      
       s_copysign.c.obj              26      0         0      
       strchr.c.obj                  22      0         0      
       strlen.c.obj                  20      0         0      
       wcslen.c.obj                  18      0         0      
       errno.c.obj                   8       0         8      
       copy_decompress_none.c.obj    14      0         0      
       copy_zero_init.c.obj          12      0         0      
       exit.c.obj                    4       0         0      
       pre_init.c.obj                4       0         0      
       div0.asm.obj                  2       0         0      
    +--+-----------------------------+-------+---------+---------+
       Total:                        7729    257       8      
                                                              
       Stack:                        0       0         2048   
       Linker Generated:             0       66        0      
    +--+-----------------------------+-------+---------+---------+
       Grand Total:                  13597   618       10330  


LINKER GENERATED COPY TABLES

__TI_cinit_table @ 00003788 records: 2, size/record: 8, table size: 16
	.data: load addr=00003750, load size=0000001e bytes, run addr=20001010, run size=00000020 bytes, compression=lzss
	.bss: load addr=00003780, load size=00000008 bytes, run addr=20000000, run size=0000100d bytes, compression=zero_init


LINKER GENERATED HANDLER TABLE

__TI_handler_table @ 00003770 records: 3, size/record: 4, table size: 12
	index: 0, handler: __TI_decompress_lzss
	index: 1, handler: __TI_decompress_none
	index: 2, handler: __TI_zero_init


GLOBAL SYMBOLS: SORTED ALPHABETICALLY BY Name 

address   name                             
-------   ----                             
0000117f  ADC14_IRQHandler                 
0000117f  ADC14_IRQHandler                 
00001135  ADC_SETUP                        
000035e3  AES256_IRQHandler                
2000101c  Avg_Value                        
000035e3  BusFault_Handler                 
00003609  C$$EXIT                          
000035e3  COMP_E0_IRQHandler               
000035e3  COMP_E1_IRQHandler               
000035e3  CS_IRQHandler                    
20001015  DEBUG                            
000035e3  DMA_ERR_IRQHandler               
000035e3  DMA_INT0_IRQHandler              
000035e3  DMA_INT1_IRQHandler              
000035e3  DMA_INT2_IRQHandler              
000035e3  DMA_INT3_IRQHandler              
000035e3  DebugMon_Handler                 
000035e3  Default_Handler                  
000014dd  ESP8266_AssociatedIPs            
000014ad  ESP8266_AvailableAPs             
20000000  ESP8266_Buffer                   
00001a59  ESP8266_CheckAP                  
00001437  ESP8266_CheckConnection          
0000150d  ESP8266_ConnectToAP              
000015b7  ESP8266_EnableMultipleConnections
0000168b  ESP8266_EstablishConnection      
00001a89  ESP8266_GetBuffer                
00001aad  ESP8266_HardReset                
0000157b  ESP8266_ProduceAP                
000019df  ESP8266_ReceiveData              
00001711  ESP8266_SendData                 
00001467  ESP8266_SetMode                  
00001649  ESP8266_SetStaticIP              
0000160f  ESP8266_StartServer              
0000179b  ESP8266_Terminal                 
000013cd  ESP8266_WaitForAnswer            
000025cd  EUSCIA0_IRQHandler               
000025cd  EUSCIA0_IRQHandler               
000035e3  EUSCIA1_IRQHandler               
000025d9  EUSCIA2_IRQHandler               
000025d9  EUSCIA2_IRQHandler               
000035e3  EUSCIA3_IRQHandler               
000035e3  EUSCIB0_IRQHandler               
000035e3  EUSCIB1_IRQHandler               
000035e3  EUSCIB2_IRQHandler               
000035e3  EUSCIB3_IRQHandler               
000035e3  FLCTL_IRQHandler                 
000035e3  FPU_IRQHandler                   
000018a1  GetDataFromBuffer                
000035e3  HardFault_Handler                
00000e0d  Initialize_Esp8266               
20001011  List_AP                          
00002215  MSPgets                          
0000215b  MSPrintf                         
000035e3  MemManage_Handler                
000035e3  NMI_Handler                      
000035e3  PCM_IRQHandler                   
000035e3  PORT1_IRQHandler                 
000035e3  PORT2_IRQHandler                 
000035e3  PORT3_IRQHandler                 
000035e3  PORT4_IRQHandler                 
000035e3  PORT5_IRQHandler                 
000035e3  PORT6_IRQHandler                 
000035e3  PSS_IRQHandler                   
000035e3  PendSV_Handler                   
00002099  PrintChar                        
000020cf  PrintInteger                     
000020ad  PrintString                      
000035e3  RTC_C_IRQHandler                 
000035d7  Reset_Handler                    
20001020  SUM                              
000035e3  SVC_Handler                      
2000101e  SampleNumber                     
0000371c  Server_IP                        
20001012  Set_Station_IP                   
000010e5  SysTick_Handler                  
000010e5  SysTick_Handler                  
20001028  SystemCoreClock                  
00001af5  SystemCoreClockUpdate            
00001d6d  SystemInit                       
20001018  Systick_Cnt                      
000010c1  Systick_Setup                    
000035e3  T32_INT1_IRQHandler              
000035e3  T32_INT2_IRQHandler              
000035e3  T32_INTC_IRQHandler              
000035e3  TA0_0_IRQHandler                 
000035e3  TA0_N_IRQHandler                 
000035e3  TA1_0_IRQHandler                 
000035e3  TA1_N_IRQHandler                 
000035e3  TA2_0_IRQHandler                 
000035e3  TA2_N_IRQHandler                 
000035e3  TA3_0_IRQHandler                 
000035e3  TA3_N_IRQHandler                 
0000259b  UART_Available                   
20000800  UART_DATA                        
000025af  UART_Flush                       
0000248d  UART_Init                        
00002537  UART_Read                        
000024fd  UART_Write                       
000035e3  UsageFault_Handler               
4000480c  WDTCTL_SYM                       
000035e3  WDT_A_IRQHandler                 
20010000  __STACK_END                      
00000400  __STACK_SIZE                     
00003788  __TI_CINIT_Base                  
00003798  __TI_CINIT_Limit                 
00003770  __TI_Handler_Table_Base          
0000377c  __TI_Handler_Table_Limit         
000033e5  __TI_auto_init_nobinit_nopinit   
00003189  __TI_decompress_lzss             
000035c9  __TI_decompress_none             
ffffffff  __TI_pprof_out_hndl              
000000e5  __TI_printfi                     
ffffffff  __TI_prof_data_size              
ffffffff  __TI_prof_data_start             
00000000  __TI_static_base__               
000035e5  __TI_zero_init                   
00002f95  __aeabi_cdcmpeq                  
00002f95  __aeabi_cdcmple                  
0000301b  __aeabi_cdrcmple                 
0000339d  __aeabi_d2iz                     
0000265f  __aeabi_dadd                     
00002949  __aeabi_ddiv                     
00002cb5  __aeabi_dmul                     
00002655  __aeabi_dsub                     
000035fd  __aeabi_errno_addr               
00003511  __aeabi_i2d                      
00000b33  __aeabi_idiv0                    
00000b33  __aeabi_ldiv0                    
000030a1  __aeabi_memclr                   
000030a1  __aeabi_memclr4                  
000030a1  __aeabi_memclr8                  
00002e63  __aeabi_memcpy                   
00002e63  __aeabi_memcpy4                  
00002e63  __aeabi_memcpy8                  
000030a3  __aeabi_memset                   
000030a3  __aeabi_memset4                  
000030a3  __aeabi_memset8                  
00002eff  __aeabi_uldivmod                 
ffffffff  __binit__                        
ffffffff  __c_args__                       
UNDEFED   __mpu_init                       
2000fc00  __stack                          
000034a9  _c_int00_noargs                  
0000360c  _ctypes_                         
UNDEFED   _system_post_cinit               
00003605  _system_pre_init                 
00003609  abort                            
00003351  atoi                             
ffffffff  binit                            
2000102f  buff                             
20001014  check_AP                         
20001013  connection_mode                  
0000355b  copysign                         
0000355b  copysignl                        
000011f1  delay                            
20001024  errno                            
20001000  esp866_data                      
20001010  esp_config                       
000031f1  frexp                            
000031f1  frexpl                           
00000000  interruptVectors                 
2000100c  k                                
00002ba5  ldexp                            
00002ba5  ldexpl                           
000032ab  ltoa                             
00000b35  main                             
0000353f  memccpy                          
00002e63  memcpy                           
000030a9  memset                           
2000102c  port                             
00003735  pwd                              
0000373e  router_pwd                       
00003747  router_ssid                      
00002ba5  scalbn                           
00002ba5  scalbnl                          
00001253  set3MhzClock                     
00003429  sprintf                          
0000372a  ssid                             
0000370d  station_IP                       
0000358d  strchr                           
000035a3  strlen                           
000034dd  strstr                           
20001004  uart_head                        
20001008  uart_tail                        
000035b7  wcslen                           
20001016  wifi_mode                        


GLOBAL SYMBOLS: SORTED BY Symbol Address 

address   name                             
-------   ----                             
00000000  __TI_static_base__               
00000000  interruptVectors                 
000000e5  __TI_printfi                     
00000400  __STACK_SIZE                     
00000b33  __aeabi_idiv0                    
00000b33  __aeabi_ldiv0                    
00000b35  main                             
00000e0d  Initialize_Esp8266               
000010c1  Systick_Setup                    
000010e5  SysTick_Handler                  
000010e5  SysTick_Handler                  
00001135  ADC_SETUP                        
0000117f  ADC14_IRQHandler                 
0000117f  ADC14_IRQHandler                 
000011f1  delay                            
00001253  set3MhzClock                     
000013cd  ESP8266_WaitForAnswer            
00001437  ESP8266_CheckConnection          
00001467  ESP8266_SetMode                  
000014ad  ESP8266_AvailableAPs             
000014dd  ESP8266_AssociatedIPs            
0000150d  ESP8266_ConnectToAP              
0000157b  ESP8266_ProduceAP                
000015b7  ESP8266_EnableMultipleConnections
0000160f  ESP8266_StartServer              
00001649  ESP8266_SetStaticIP              
0000168b  ESP8266_EstablishConnection      
00001711  ESP8266_SendData                 
0000179b  ESP8266_Terminal                 
000018a1  GetDataFromBuffer                
000019df  ESP8266_ReceiveData              
00001a59  ESP8266_CheckAP                  
00001a89  ESP8266_GetBuffer                
00001aad  ESP8266_HardReset                
00001af5  SystemCoreClockUpdate            
00001d6d  SystemInit                       
00002099  PrintChar                        
000020ad  PrintString                      
000020cf  PrintInteger                     
0000215b  MSPrintf                         
00002215  MSPgets                          
0000248d  UART_Init                        
000024fd  UART_Write                       
00002537  UART_Read                        
0000259b  UART_Available                   
000025af  UART_Flush                       
000025cd  EUSCIA0_IRQHandler               
000025cd  EUSCIA0_IRQHandler               
000025d9  EUSCIA2_IRQHandler               
000025d9  EUSCIA2_IRQHandler               
00002655  __aeabi_dsub                     
0000265f  __aeabi_dadd                     
00002949  __aeabi_ddiv                     
00002ba5  ldexp                            
00002ba5  ldexpl                           
00002ba5  scalbn                           
00002ba5  scalbnl                          
00002cb5  __aeabi_dmul                     
00002e63  __aeabi_memcpy                   
00002e63  __aeabi_memcpy4                  
00002e63  __aeabi_memcpy8                  
00002e63  memcpy                           
00002eff  __aeabi_uldivmod                 
00002f95  __aeabi_cdcmpeq                  
00002f95  __aeabi_cdcmple                  
0000301b  __aeabi_cdrcmple                 
000030a1  __aeabi_memclr                   
000030a1  __aeabi_memclr4                  
000030a1  __aeabi_memclr8                  
000030a3  __aeabi_memset                   
000030a3  __aeabi_memset4                  
000030a3  __aeabi_memset8                  
000030a9  memset                           
00003189  __TI_decompress_lzss             
000031f1  frexp                            
000031f1  frexpl                           
000032ab  ltoa                             
00003351  atoi                             
0000339d  __aeabi_d2iz                     
000033e5  __TI_auto_init_nobinit_nopinit   
00003429  sprintf                          
000034a9  _c_int00_noargs                  
000034dd  strstr                           
00003511  __aeabi_i2d                      
0000353f  memccpy                          
0000355b  copysign                         
0000355b  copysignl                        
0000358d  strchr                           
000035a3  strlen                           
000035b7  wcslen                           
000035c9  __TI_decompress_none             
000035d7  Reset_Handler                    
000035e3  AES256_IRQHandler                
000035e3  BusFault_Handler                 
000035e3  COMP_E0_IRQHandler               
000035e3  COMP_E1_IRQHandler               
000035e3  CS_IRQHandler                    
000035e3  DMA_ERR_IRQHandler               
000035e3  DMA_INT0_IRQHandler              
000035e3  DMA_INT1_IRQHandler              
000035e3  DMA_INT2_IRQHandler              
000035e3  DMA_INT3_IRQHandler              
000035e3  DebugMon_Handler                 
000035e3  Default_Handler                  
000035e3  EUSCIA1_IRQHandler               
000035e3  EUSCIA3_IRQHandler               
000035e3  EUSCIB0_IRQHandler               
000035e3  EUSCIB1_IRQHandler               
000035e3  EUSCIB2_IRQHandler               
000035e3  EUSCIB3_IRQHandler               
000035e3  FLCTL_IRQHandler                 
000035e3  FPU_IRQHandler                   
000035e3  HardFault_Handler                
000035e3  MemManage_Handler                
000035e3  NMI_Handler                      
000035e3  PCM_IRQHandler                   
000035e3  PORT1_IRQHandler                 
000035e3  PORT2_IRQHandler                 
000035e3  PORT3_IRQHandler                 
000035e3  PORT4_IRQHandler                 
000035e3  PORT5_IRQHandler                 
000035e3  PORT6_IRQHandler                 
000035e3  PSS_IRQHandler                   
000035e3  PendSV_Handler                   
000035e3  RTC_C_IRQHandler                 
000035e3  SVC_Handler                      
000035e3  T32_INT1_IRQHandler              
000035e3  T32_INT2_IRQHandler              
000035e3  T32_INTC_IRQHandler              
000035e3  TA0_0_IRQHandler                 
000035e3  TA0_N_IRQHandler                 
000035e3  TA1_0_IRQHandler                 
000035e3  TA1_N_IRQHandler                 
000035e3  TA2_0_IRQHandler                 
000035e3  TA2_N_IRQHandler                 
000035e3  TA3_0_IRQHandler                 
000035e3  TA3_N_IRQHandler                 
000035e3  UsageFault_Handler               
000035e3  WDT_A_IRQHandler                 
000035e5  __TI_zero_init                   
000035fd  __aeabi_errno_addr               
00003605  _system_pre_init                 
00003609  C$$EXIT                          
00003609  abort                            
0000360c  _ctypes_                         
0000370d  station_IP                       
0000371c  Server_IP                        
0000372a  ssid                             
00003735  pwd                              
0000373e  router_pwd                       
00003747  router_ssid                      
00003770  __TI_Handler_Table_Base          
0000377c  __TI_Handler_Table_Limit         
00003788  __TI_CINIT_Base                  
00003798  __TI_CINIT_Limit                 
20000000  ESP8266_Buffer                   
20000800  UART_DATA                        
20001000  esp866_data                      
20001004  uart_head                        
20001008  uart_tail                        
2000100c  k                                
20001010  esp_config                       
20001011  List_AP                          
20001012  Set_Station_IP                   
20001013  connection_mode                  
20001014  check_AP                         
20001015  DEBUG                            
20001016  wifi_mode                        
20001018  Systick_Cnt                      
2000101c  Avg_Value                        
2000101e  SampleNumber                     
20001020  SUM                              
20001024  errno                            
20001028  SystemCoreClock                  
2000102c  port                             
2000102f  buff                             
2000fc00  __stack                          
20010000  __STACK_END                      
4000480c  WDTCTL_SYM                       
ffffffff  __TI_pprof_out_hndl              
ffffffff  __TI_prof_data_size              
ffffffff  __TI_prof_data_start             
ffffffff  __binit__                        
ffffffff  __c_args__                       
ffffffff  binit                            
UNDEFED   __mpu_init                       
UNDEFED   _system_post_cinit               

[187 symbols]
