<?xml version="1.0" encoding="ISO-8859-1" ?>
<link_info>
   <banner>TI ARM Linker PC v18.12.6.LTS</banner>
   <copyright>Copyright (c) 1996-2018 Texas Instruments Incorporated</copyright>
   <link_time>0x5f711577</link_time>
   <link_errors>0x0</link_errors>
   <output_file>esp8266-client.out</output_file>
   <entry_point>
      <name>_c_int00_noargs</name>
      <address>0x34a9</address>
   </entry_point>
   <input_file_list>
      <input_file id="fl-2">
         <path>.\</path>
         <kind>object</kind>
         <file>client_main.obj</file>
         <name>client_main.obj</name>
      </input_file>
      <input_file id="fl-3">
         <path>.\</path>
         <kind>object</kind>
         <file>startup_msp432p401r_ccs.obj</file>
         <name>startup_msp432p401r_ccs.obj</name>
      </input_file>
      <input_file id="fl-4">
         <path>.\</path>
         <kind>object</kind>
         <file>system_msp432p401r.obj</file>
         <name>system_msp432p401r.obj</name>
      </input_file>
      <input_file id="fl-5">
         <path>.\Devices\</path>
         <kind>object</kind>
         <file>ESP8266.obj</file>
         <name>ESP8266.obj</name>
      </input_file>
      <input_file id="fl-6">
         <path>.\Devices\</path>
         <kind>object</kind>
         <file>MSPIO.obj</file>
         <name>MSPIO.obj</name>
      </input_file>
      <input_file id="fl-7">
         <path>.\Hardware\</path>
         <kind>object</kind>
         <file>UART_Driver.obj</file>
         <name>UART_Driver.obj</name>
      </input_file>
      <input_file id="fl-b">
         <kind>object</kind>
         <file>&lt;internal&gt;</file>
         <name>&lt;internal&gt;</name>
      </input_file>
      <input_file id="fl-c1">
         <path>C:\ti\ccsv8\tools\compiler\ti-cgt-arm_18.12.6.LTS\lib\</path>
         <kind>archive</kind>
         <file>rtsv7M4_T_le_v4SPD16_eabi.lib</file>
         <name>sprintf.c.obj</name>
      </input_file>
      <input_file id="fl-c2">
         <path>C:\ti\ccsv8\tools\compiler\ti-cgt-arm_18.12.6.LTS\lib\</path>
         <kind>archive</kind>
         <file>rtsv7M4_T_le_v4SPD16_eabi.lib</file>
         <name>memset_t2.asm.obj</name>
      </input_file>
      <input_file id="fl-c3">
         <path>C:\ti\ccsv8\tools\compiler\ti-cgt-arm_18.12.6.LTS\lib\</path>
         <kind>archive</kind>
         <file>rtsv7M4_T_le_v4SPD16_eabi.lib</file>
         <name>memcpy_t2.asm.obj</name>
      </input_file>
      <input_file id="fl-c4">
         <path>C:\ti\ccsv8\tools\compiler\ti-cgt-arm_18.12.6.LTS\lib\</path>
         <kind>archive</kind>
         <file>rtsv7M4_T_le_v4SPD16_eabi.lib</file>
         <name>copy_zero_init.c.obj</name>
      </input_file>
      <input_file id="fl-c5">
         <path>C:\ti\ccsv8\tools\compiler\ti-cgt-arm_18.12.6.LTS\lib\</path>
         <kind>archive</kind>
         <file>rtsv7M4_T_le_v4SPD16_eabi.lib</file>
         <name>copy_decompress_none.c.obj</name>
      </input_file>
      <input_file id="fl-c6">
         <path>C:\ti\ccsv8\tools\compiler\ti-cgt-arm_18.12.6.LTS\lib\</path>
         <kind>archive</kind>
         <file>rtsv7M4_T_le_v4SPD16_eabi.lib</file>
         <name>copy_decompress_lzss.c.obj</name>
      </input_file>
      <input_file id="fl-c7">
         <path>C:\ti\ccsv8\tools\compiler\ti-cgt-arm_18.12.6.LTS\lib\</path>
         <kind>archive</kind>
         <file>rtsv7M4_T_le_v4SPD16_eabi.lib</file>
         <name>strlen.c.obj</name>
      </input_file>
      <input_file id="fl-c8">
         <path>C:\ti\ccsv8\tools\compiler\ti-cgt-arm_18.12.6.LTS\lib\</path>
         <kind>archive</kind>
         <file>rtsv7M4_T_le_v4SPD16_eabi.lib</file>
         <name>strstr.c.obj</name>
      </input_file>
      <input_file id="fl-c9">
         <path>C:\ti\ccsv8\tools\compiler\ti-cgt-arm_18.12.6.LTS\lib\</path>
         <kind>archive</kind>
         <file>rtsv7M4_T_le_v4SPD16_eabi.lib</file>
         <name>boot_cortex_m.c.obj</name>
      </input_file>
      <input_file id="fl-ca">
         <path>C:\ti\ccsv8\tools\compiler\ti-cgt-arm_18.12.6.LTS\lib\</path>
         <kind>archive</kind>
         <file>rtsv7M4_T_le_v4SPD16_eabi.lib</file>
         <name>_printfi.c.obj</name>
      </input_file>
      <input_file id="fl-cb">
         <path>C:\ti\ccsv8\tools\compiler\ti-cgt-arm_18.12.6.LTS\lib\</path>
         <kind>archive</kind>
         <file>rtsv7M4_T_le_v4SPD16_eabi.lib</file>
         <name>s_frexp.c.obj</name>
      </input_file>
      <input_file id="fl-cc">
         <path>C:\ti\ccsv8\tools\compiler\ti-cgt-arm_18.12.6.LTS\lib\</path>
         <kind>archive</kind>
         <file>rtsv7M4_T_le_v4SPD16_eabi.lib</file>
         <name>s_scalbn.c.obj</name>
      </input_file>
      <input_file id="fl-cd">
         <path>C:\ti\ccsv8\tools\compiler\ti-cgt-arm_18.12.6.LTS\lib\</path>
         <kind>archive</kind>
         <file>rtsv7M4_T_le_v4SPD16_eabi.lib</file>
         <name>fd_add_t2.asm.obj</name>
      </input_file>
      <input_file id="fl-ce">
         <path>C:\ti\ccsv8\tools\compiler\ti-cgt-arm_18.12.6.LTS\lib\</path>
         <kind>archive</kind>
         <file>rtsv7M4_T_le_v4SPD16_eabi.lib</file>
         <name>fd_cmp_t2.asm.obj</name>
      </input_file>
      <input_file id="fl-cf">
         <path>C:\ti\ccsv8\tools\compiler\ti-cgt-arm_18.12.6.LTS\lib\</path>
         <kind>archive</kind>
         <file>rtsv7M4_T_le_v4SPD16_eabi.lib</file>
         <name>fd_div_t2.asm.obj</name>
      </input_file>
      <input_file id="fl-d0">
         <path>C:\ti\ccsv8\tools\compiler\ti-cgt-arm_18.12.6.LTS\lib\</path>
         <kind>archive</kind>
         <file>rtsv7M4_T_le_v4SPD16_eabi.lib</file>
         <name>fd_mul_t2.asm.obj</name>
      </input_file>
      <input_file id="fl-d1">
         <path>C:\ti\ccsv8\tools\compiler\ti-cgt-arm_18.12.6.LTS\lib\</path>
         <kind>archive</kind>
         <file>rtsv7M4_T_le_v4SPD16_eabi.lib</file>
         <name>fd_toi_t2.asm.obj</name>
      </input_file>
      <input_file id="fl-d2">
         <path>C:\ti\ccsv8\tools\compiler\ti-cgt-arm_18.12.6.LTS\lib\</path>
         <kind>archive</kind>
         <file>rtsv7M4_T_le_v4SPD16_eabi.lib</file>
         <name>i_tofd_t2.asm.obj</name>
      </input_file>
      <input_file id="fl-d3">
         <path>C:\ti\ccsv8\tools\compiler\ti-cgt-arm_18.12.6.LTS\lib\</path>
         <kind>archive</kind>
         <file>rtsv7M4_T_le_v4SPD16_eabi.lib</file>
         <name>ull_div_t2.asm.obj</name>
      </input_file>
      <input_file id="fl-d4">
         <path>C:\ti\ccsv8\tools\compiler\ti-cgt-arm_18.12.6.LTS\lib\</path>
         <kind>archive</kind>
         <file>rtsv7M4_T_le_v4SPD16_eabi.lib</file>
         <name>autoinit.c.obj</name>
      </input_file>
      <input_file id="fl-d5">
         <path>C:\ti\ccsv8\tools\compiler\ti-cgt-arm_18.12.6.LTS\lib\</path>
         <kind>archive</kind>
         <file>rtsv7M4_T_le_v4SPD16_eabi.lib</file>
         <name>pre_init.c.obj</name>
      </input_file>
      <input_file id="fl-d6">
         <path>C:\ti\ccsv8\tools\compiler\ti-cgt-arm_18.12.6.LTS\lib\</path>
         <kind>archive</kind>
         <file>rtsv7M4_T_le_v4SPD16_eabi.lib</file>
         <name>cpy_tbl.c.obj</name>
      </input_file>
      <input_file id="fl-d7">
         <path>C:\ti\ccsv8\tools\compiler\ti-cgt-arm_18.12.6.LTS\lib\</path>
         <kind>archive</kind>
         <file>rtsv7M4_T_le_v4SPD16_eabi.lib</file>
         <name>exit.c.obj</name>
      </input_file>
      <input_file id="fl-d8">
         <path>C:\ti\ccsv8\tools\compiler\ti-cgt-arm_18.12.6.LTS\lib\</path>
         <kind>archive</kind>
         <file>rtsv7M4_T_le_v4SPD16_eabi.lib</file>
         <name>_lock.c.obj</name>
      </input_file>
      <input_file id="fl-d9">
         <path>C:\ti\ccsv8\tools\compiler\ti-cgt-arm_18.12.6.LTS\lib\</path>
         <kind>archive</kind>
         <file>rtsv7M4_T_le_v4SPD16_eabi.lib</file>
         <name>args_main.c.obj</name>
      </input_file>
      <input_file id="fl-da">
         <path>C:\ti\ccsv8\tools\compiler\ti-cgt-arm_18.12.6.LTS\lib\</path>
         <kind>archive</kind>
         <file>rtsv7M4_T_le_v4SPD16_eabi.lib</file>
         <name>atoi.c.obj</name>
      </input_file>
      <input_file id="fl-db">
         <path>C:\ti\ccsv8\tools\compiler\ti-cgt-arm_18.12.6.LTS\lib\</path>
         <kind>archive</kind>
         <file>rtsv7M4_T_le_v4SPD16_eabi.lib</file>
         <name>ctype.c.obj</name>
      </input_file>
      <input_file id="fl-dc">
         <path>C:\ti\ccsv8\tools\compiler\ti-cgt-arm_18.12.6.LTS\lib\</path>
         <kind>archive</kind>
         <file>rtsv7M4_T_le_v4SPD16_eabi.lib</file>
         <name>ltoa.c.obj</name>
      </input_file>
      <input_file id="fl-dd">
         <path>C:\ti\ccsv8\tools\compiler\ti-cgt-arm_18.12.6.LTS\lib\</path>
         <kind>archive</kind>
         <file>rtsv7M4_T_le_v4SPD16_eabi.lib</file>
         <name>memccpy.c.obj</name>
      </input_file>
      <input_file id="fl-de">
         <path>C:\ti\ccsv8\tools\compiler\ti-cgt-arm_18.12.6.LTS\lib\</path>
         <kind>archive</kind>
         <file>rtsv7M4_T_le_v4SPD16_eabi.lib</file>
         <name>strchr.c.obj</name>
      </input_file>
      <input_file id="fl-df">
         <path>C:\ti\ccsv8\tools\compiler\ti-cgt-arm_18.12.6.LTS\lib\</path>
         <kind>archive</kind>
         <file>rtsv7M4_T_le_v4SPD16_eabi.lib</file>
         <name>errno.c.obj</name>
      </input_file>
      <input_file id="fl-e0">
         <path>C:\ti\ccsv8\tools\compiler\ti-cgt-arm_18.12.6.LTS\lib\</path>
         <kind>archive</kind>
         <file>rtsv7M4_T_le_v4SPD16_eabi.lib</file>
         <name>wcslen.c.obj</name>
      </input_file>
      <input_file id="fl-e1">
         <path>C:\ti\ccsv8\tools\compiler\ti-cgt-arm_18.12.6.LTS\lib\</path>
         <kind>archive</kind>
         <file>rtsv7M4_T_le_v4SPD16_eabi.lib</file>
         <name>s_copysign.c.obj</name>
      </input_file>
      <input_file id="fl-e2">
         <path>C:\ti\ccsv8\tools\compiler\ti-cgt-arm_18.12.6.LTS\lib\</path>
         <kind>archive</kind>
         <file>rtsv7M4_T_le_v4SPD16_eabi.lib</file>
         <name>div0.asm.obj</name>
      </input_file>
   </input_file_list>
   <object_component_list>
      <object_component id="oc-23">
         <name>.intvecs:retain</name>
         <load_address>0x0</load_address>
         <run_address>0x0</run_address>
         <size>0xe4</size>
         <input_file_ref idref="fl-3"/>
      </object_component>
      <object_component id="oc-163">
         <name>.text:__TI_printfi</name>
         <load_address>0xe4</load_address>
         <run_address>0xe4</run_address>
         <size>0xa4e</size>
         <input_file_ref idref="fl-ca"/>
      </object_component>
      <object_component id="oc-2ca">
         <name>.text</name>
         <load_address>0xb32</load_address>
         <run_address>0xb32</run_address>
         <size>0x2</size>
         <input_file_ref idref="fl-e2"/>
      </object_component>
      <object_component id="oc-6a">
         <name>.text</name>
         <load_address>0xb34</load_address>
         <run_address>0xb34</run_address>
         <size>0x898</size>
         <input_file_ref idref="fl-2"/>
      </object_component>
      <object_component id="oc-bb">
         <name>.text</name>
         <load_address>0x13cc</load_address>
         <run_address>0x13cc</run_address>
         <size>0x728</size>
         <input_file_ref idref="fl-5"/>
      </object_component>
      <object_component id="oc-a8">
         <name>.text</name>
         <load_address>0x1af4</load_address>
         <run_address>0x1af4</run_address>
         <size>0x334</size>
         <input_file_ref idref="fl-4"/>
      </object_component>
      <object_component id="oc-1ee">
         <name>.text:_pconv_a</name>
         <load_address>0x1e28</load_address>
         <run_address>0x1e28</run_address>
         <size>0x270</size>
         <input_file_ref idref="fl-ca"/>
      </object_component>
      <object_component id="oc-af">
         <name>.text</name>
         <load_address>0x2098</load_address>
         <run_address>0x2098</run_address>
         <size>0x222</size>
         <input_file_ref idref="fl-6"/>
      </object_component>
      <object_component id="oc-1dc">
         <name>.text:_pconv_g</name>
         <load_address>0x22bc</load_address>
         <run_address>0x22bc</run_address>
         <size>0x1d0</size>
         <input_file_ref idref="fl-ca"/>
      </object_component>
      <object_component id="oc-70">
         <name>.text</name>
         <load_address>0x248c</load_address>
         <run_address>0x248c</run_address>
         <size>0x1c8</size>
         <input_file_ref idref="fl-7"/>
      </object_component>
      <object_component id="oc-264">
         <name>.text</name>
         <load_address>0x2654</load_address>
         <run_address>0x2654</run_address>
         <size>0x1b6</size>
         <input_file_ref idref="fl-cd"/>
      </object_component>
      <object_component id="oc-1e8">
         <name>.text:_pconv_e</name>
         <load_address>0x280c</load_address>
         <run_address>0x280c</run_address>
         <size>0x13c</size>
         <input_file_ref idref="fl-ca"/>
      </object_component>
      <object_component id="oc-24a">
         <name>.text</name>
         <load_address>0x2948</load_address>
         <run_address>0x2948</run_address>
         <size>0x136</size>
         <input_file_ref idref="fl-cf"/>
      </object_component>
      <object_component id="oc-276">
         <name>.text:fcvt</name>
         <load_address>0x2a80</load_address>
         <run_address>0x2a80</run_address>
         <size>0x124</size>
         <input_file_ref idref="fl-ca"/>
      </object_component>
      <object_component id="oc-28a">
         <name>.text:scalbn</name>
         <load_address>0x2ba4</load_address>
         <run_address>0x2ba4</run_address>
         <size>0x110</size>
         <input_file_ref idref="fl-cc"/>
      </object_component>
      <object_component id="oc-245">
         <name>.text</name>
         <load_address>0x2cb4</load_address>
         <run_address>0x2cb4</run_address>
         <size>0xfc</size>
         <input_file_ref idref="fl-d0"/>
      </object_component>
      <object_component id="oc-1d1">
         <name>.text:_ltostr</name>
         <load_address>0x2db0</load_address>
         <run_address>0x2db0</run_address>
         <size>0xb1</size>
         <input_file_ref idref="fl-ca"/>
      </object_component>
      <object_component id="oc-34">
         <name>.text</name>
         <load_address>0x2e62</load_address>
         <run_address>0x2e62</run_address>
         <size>0x9c</size>
         <input_file_ref idref="fl-c3"/>
      </object_component>
      <object_component id="oc-23e">
         <name>.text</name>
         <load_address>0x2efe</load_address>
         <run_address>0x2efe</run_address>
         <size>0x96</size>
         <input_file_ref idref="fl-d3"/>
      </object_component>
      <object_component id="oc-1d7">
         <name>.text:__aeabi_cdcmple</name>
         <load_address>0x2f94</load_address>
         <run_address>0x2f94</run_address>
         <size>0x86</size>
         <input_file_ref idref="fl-ce"/>
      </object_component>
      <object_component id="oc-24f">
         <name>.text:__aeabi_cdrcmple</name>
         <load_address>0x301a</load_address>
         <run_address>0x301a</run_address>
         <size>0x86</size>
         <input_file_ref idref="fl-ce"/>
      </object_component>
      <object_component id="oc-90">
         <name>.text</name>
         <load_address>0x30a0</load_address>
         <run_address>0x30a0</run_address>
         <size>0x7a</size>
         <input_file_ref idref="fl-c2"/>
      </object_component>
      <object_component id="oc-26f">
         <name>.text:_mcpy</name>
         <load_address>0x311a</load_address>
         <run_address>0x311a</run_address>
         <size>0x6e</size>
         <input_file_ref idref="fl-ca"/>
      </object_component>
      <object_component id="oc-14">
         <name>.text:decompress:lzss:__TI_decompress_lzss</name>
         <load_address>0x3188</load_address>
         <run_address>0x3188</run_address>
         <size>0x68</size>
         <input_file_ref idref="fl-c6"/>
      </object_component>
      <object_component id="oc-284">
         <name>.text:frexp</name>
         <load_address>0x31f0</load_address>
         <run_address>0x31f0</run_address>
         <size>0x64</size>
         <input_file_ref idref="fl-cb"/>
      </object_component>
      <object_component id="oc-1e2">
         <name>.text:_pconv_f</name>
         <load_address>0x3254</load_address>
         <run_address>0x3254</run_address>
         <size>0x56</size>
         <input_file_ref idref="fl-ca"/>
      </object_component>
      <object_component id="oc-259">
         <name>.text:ltoa</name>
         <load_address>0x32aa</load_address>
         <run_address>0x32aa</run_address>
         <size>0x54</size>
         <input_file_ref idref="fl-dc"/>
      </object_component>
      <object_component id="oc-269">
         <name>.text:_ecpy</name>
         <load_address>0x32fe</load_address>
         <run_address>0x32fe</run_address>
         <size>0x52</size>
         <input_file_ref idref="fl-ca"/>
      </object_component>
      <object_component id="oc-1cb">
         <name>.text:atoi</name>
         <load_address>0x3350</load_address>
         <run_address>0x3350</run_address>
         <size>0x4c</size>
         <input_file_ref idref="fl-da"/>
      </object_component>
      <object_component id="oc-254">
         <name>.text</name>
         <load_address>0x339c</load_address>
         <run_address>0x339c</run_address>
         <size>0x48</size>
         <input_file_ref idref="fl-d1"/>
      </object_component>
      <object_component id="oc-11a">
         <name>.text:__TI_auto_init_nobinit_nopinit:__TI_auto_init_nobinit_nopinit</name>
         <load_address>0x33e4</load_address>
         <run_address>0x33e4</run_address>
         <size>0x44</size>
         <input_file_ref idref="fl-d4"/>
      </object_component>
      <object_component id="oc-c1">
         <name>.text:sprintf</name>
         <load_address>0x3428</load_address>
         <run_address>0x3428</run_address>
         <size>0x40</size>
         <input_file_ref idref="fl-c1"/>
      </object_component>
      <object_component id="oc-27c">
         <name>.text:_fcpy</name>
         <load_address>0x3468</load_address>
         <run_address>0x3468</run_address>
         <size>0x3e</size>
         <input_file_ref idref="fl-ca"/>
      </object_component>
      <object_component id="oc-52">
         <name>.text:_c_int00_noargs:_c_int00_noargs</name>
         <load_address>0x34a8</load_address>
         <run_address>0x34a8</run_address>
         <size>0x34</size>
         <input_file_ref idref="fl-c9"/>
      </object_component>
      <object_component id="oc-159">
         <name>.text:strstr</name>
         <load_address>0x34dc</load_address>
         <run_address>0x34dc</run_address>
         <size>0x34</size>
         <input_file_ref idref="fl-c8"/>
      </object_component>
      <object_component id="oc-25f">
         <name>.text</name>
         <load_address>0x3510</load_address>
         <run_address>0x3510</run_address>
         <size>0x2e</size>
         <input_file_ref idref="fl-d2"/>
      </object_component>
      <object_component id="oc-1f4">
         <name>.text:memccpy</name>
         <load_address>0x353e</load_address>
         <run_address>0x353e</run_address>
         <size>0x1c</size>
         <input_file_ref idref="fl-dd"/>
      </object_component>
      <object_component id="oc-2e3">
         <name>.text:copysign</name>
         <load_address>0x355a</load_address>
         <run_address>0x355a</run_address>
         <size>0x1a</size>
         <input_file_ref idref="fl-e1"/>
      </object_component>
      <object_component id="oc-169">
         <name>.text:_outs</name>
         <load_address>0x3574</load_address>
         <run_address>0x3574</run_address>
         <size>0x18</size>
         <input_file_ref idref="fl-c1"/>
      </object_component>
      <object_component id="oc-290">
         <name>.text:strchr</name>
         <load_address>0x358c</load_address>
         <run_address>0x358c</run_address>
         <size>0x16</size>
         <input_file_ref idref="fl-de"/>
      </object_component>
      <object_component id="oc-b5">
         <name>.text:strlen</name>
         <load_address>0x35a2</load_address>
         <run_address>0x35a2</run_address>
         <size>0x14</size>
         <input_file_ref idref="fl-c7"/>
      </object_component>
      <object_component id="oc-1fa">
         <name>.text:wcslen</name>
         <load_address>0x35b6</load_address>
         <run_address>0x35b6</run_address>
         <size>0x12</size>
         <input_file_ref idref="fl-e0"/>
      </object_component>
      <object_component id="oc-1a">
         <name>.text:decompress:none:__TI_decompress_none</name>
         <load_address>0x35c8</load_address>
         <run_address>0x35c8</run_address>
         <size>0xe</size>
         <input_file_ref idref="fl-c5"/>
      </object_component>
      <object_component id="oc-64">
         <name>.text</name>
         <load_address>0x35d6</load_address>
         <run_address>0x35d6</run_address>
         <size>0xe</size>
         <input_file_ref idref="fl-3"/>
      </object_component>
      <object_component id="oc-46">
         <name>.text:decompress:ZI:__TI_zero_init</name>
         <load_address>0x35e4</load_address>
         <run_address>0x35e4</run_address>
         <size>0xc</size>
         <input_file_ref idref="fl-c4"/>
      </object_component>
      <object_component id="oc-16f">
         <name>.text:_outc</name>
         <load_address>0x35f0</load_address>
         <run_address>0x35f0</run_address>
         <size>0xa</size>
         <input_file_ref idref="fl-c1"/>
      </object_component>
      <object_component id="oc-200">
         <name>.text:__aeabi_errno_addr</name>
         <load_address>0x35fc</load_address>
         <run_address>0x35fc</run_address>
         <size>0x8</size>
         <input_file_ref idref="fl-df"/>
      </object_component>
      <object_component id="oc-96">
         <name>.text:_system_pre_init</name>
         <load_address>0x3604</load_address>
         <run_address>0x3604</run_address>
         <size>0x4</size>
         <input_file_ref idref="fl-d5"/>
      </object_component>
      <object_component id="oc-10e">
         <name>.text:abort:abort</name>
         <load_address>0x3608</load_address>
         <run_address>0x3608</run_address>
         <size>0x4</size>
         <input_file_ref idref="fl-d7"/>
      </object_component>
      <object_component id="oc-239">
         <name>.const:.string:_ctypes_</name>
         <load_address>0x360c</load_address>
         <run_address>0x360c</run_address>
         <size>0x101</size>
         <input_file_ref idref="fl-db"/>
      </object_component>
      <object_component id="oc-e3">
         <name>.const:.string:station_IP</name>
         <load_address>0x370d</load_address>
         <run_address>0x370d</run_address>
         <size>0xf</size>
         <input_file_ref idref="fl-2"/>
      </object_component>
      <object_component id="oc-c7">
         <name>.const:.string:Server_IP</name>
         <load_address>0x371c</load_address>
         <run_address>0x371c</run_address>
         <size>0xe</size>
         <input_file_ref idref="fl-2"/>
      </object_component>
      <object_component id="oc-d7">
         <name>.const:.string:ssid</name>
         <load_address>0x372a</load_address>
         <run_address>0x372a</run_address>
         <size>0xb</size>
         <input_file_ref idref="fl-2"/>
      </object_component>
      <object_component id="oc-da">
         <name>.const:.string:pwd</name>
         <load_address>0x3735</load_address>
         <run_address>0x3735</run_address>
         <size>0x9</size>
         <input_file_ref idref="fl-2"/>
      </object_component>
      <object_component id="oc-e0">
         <name>.const:.string:router_pwd</name>
         <load_address>0x373e</load_address>
         <run_address>0x373e</run_address>
         <size>0x9</size>
         <input_file_ref idref="fl-2"/>
      </object_component>
      <object_component id="oc-dd">
         <name>.const:.string:router_ssid</name>
         <load_address>0x3747</load_address>
         <run_address>0x3747</run_address>
         <size>0x9</size>
         <input_file_ref idref="fl-2"/>
      </object_component>
      <object_component id="oc-33f">
         <name>.cinit..data.load</name>
         <load_address>0x3750</load_address>
         <run_address>0x3750</run_address>
         <size>0x1e</size>
      </object_component>
      <object_component id="oc-33d">
         <name>__TI_handler_table</name>
         <load_address>0x3770</load_address>
         <run_address>0x3770</run_address>
         <size>0xc</size>
      </object_component>
      <object_component id="oc-340">
         <name>.cinit..bss.load</name>
         <load_address>0x3780</load_address>
         <run_address>0x3780</run_address>
         <size>0x8</size>
      </object_component>
      <object_component id="oc-33e">
         <name>__TI_cinit_table</name>
         <load_address>0x3788</load_address>
         <run_address>0x3788</run_address>
         <size>0x10</size>
      </object_component>
      <object_component id="oc-312">
         <name>.binit</name>
         <load_address>0x0</load_address>
         <run_address>0x0</run_address>
         <size>0x0</size>
      </object_component>
      <object_component id="oc-d0">
         <name>.data</name>
         <load_address>0x20001010</load_address>
         <run_address>0x20001010</run_address>
         <size>0x14</size>
         <input_file_ref idref="fl-2"/>
      </object_component>
      <object_component id="oc-ca">
         <name>.data:port</name>
         <load_address>0x2000102c</load_address>
         <run_address>0x2000102c</run_address>
         <size>0x3</size>
         <input_file_ref idref="fl-2"/>
      </object_component>
      <object_component id="oc-d3">
         <name>.data:buff</name>
         <load_address>0x2000102f</load_address>
         <run_address>0x2000102f</run_address>
         <size>0x1</size>
         <input_file_ref idref="fl-2"/>
      </object_component>
      <object_component id="oc-14c">
         <name>.data</name>
         <load_address>0x20001028</load_address>
         <run_address>0x20001028</run_address>
         <size>0x4</size>
         <input_file_ref idref="fl-4"/>
      </object_component>
      <object_component id="oc-2a0">
         <name>.data</name>
         <load_address>0x20001024</load_address>
         <run_address>0x20001024</run_address>
         <size>0x4</size>
         <input_file_ref idref="fl-df"/>
      </object_component>
      <object_component id="oc-d6">
         <name>.common:esp866_data</name>
         <uninitialized>true</uninitialized>
         <run_address>0x20001000</run_address>
         <size>0x4</size>
      </object_component>
      <object_component id="oc-cd">
         <name>.common:k</name>
         <uninitialized>true</uninitialized>
         <run_address>0x2000100c</run_address>
         <size>0x1</size>
      </object_component>
      <object_component id="oc-15f">
         <name>.common:ESP8266_Buffer</name>
         <uninitialized>true</uninitialized>
         <run_address>0x20000000</run_address>
         <size>0x800</size>
      </object_component>
      <object_component id="oc-f5">
         <name>.common:UART_DATA</name>
         <uninitialized>true</uninitialized>
         <run_address>0x20000800</run_address>
         <size>0x800</size>
      </object_component>
      <object_component id="oc-f1">
         <name>.common:uart_tail</name>
         <uninitialized>true</uninitialized>
         <run_address>0x20001008</run_address>
         <size>0x4</size>
      </object_component>
      <object_component id="oc-f4">
         <name>.common:uart_head</name>
         <uninitialized>true</uninitialized>
         <run_address>0x20001004</run_address>
         <size>0x4</size>
      </object_component>
      <object_component id="oc-26">
         <name>.stack</name>
         <uninitialized>true</uninitialized>
         <run_address>0x2000fc00</run_address>
         <size>0x4</size>
         <input_file_ref idref="fl-c9"/>
      </object_component>
      <object_component id="oc-341">
         <name>.stack</name>
         <uninitialized>true</uninitialized>
         <run_address>0x2000fc00</run_address>
         <size>0x0</size>
      </object_component>
      <object_component id="oc-ce">
         <name>.debug_info</name>
         <load_address>0x0</load_address>
         <run_address>0x0</run_address>
         <size>0xa19</size>
         <input_file_ref idref="fl-2"/>
      </object_component>
      <object_component id="oc-d1">
         <name>.debug_info</name>
         <load_address>0xa19</load_address>
         <run_address>0xa19</run_address>
         <size>0x258</size>
         <input_file_ref idref="fl-2"/>
      </object_component>
      <object_component id="oc-de">
         <name>.debug_info</name>
         <load_address>0xc71</load_address>
         <run_address>0xc71</run_address>
         <size>0xf6</size>
         <input_file_ref idref="fl-2"/>
      </object_component>
      <object_component id="oc-e1">
         <name>.debug_info</name>
         <load_address>0xd67</load_address>
         <run_address>0xd67</run_address>
         <size>0xf4</size>
         <input_file_ref idref="fl-2"/>
      </object_component>
      <object_component id="oc-e4">
         <name>.debug_info</name>
         <load_address>0xe5b</load_address>
         <run_address>0xe5b</run_address>
         <size>0xf4</size>
         <input_file_ref idref="fl-2"/>
      </object_component>
      <object_component id="oc-d8">
         <name>.debug_info</name>
         <load_address>0xf4f</load_address>
         <run_address>0xf4f</run_address>
         <size>0xe8</size>
         <input_file_ref idref="fl-2"/>
      </object_component>
      <object_component id="oc-db">
         <name>.debug_info</name>
         <load_address>0x1037</load_address>
         <run_address>0x1037</run_address>
         <size>0xe6</size>
         <input_file_ref idref="fl-2"/>
      </object_component>
      <object_component id="oc-c8">
         <name>.debug_info</name>
         <load_address>0x111d</load_address>
         <run_address>0x111d</run_address>
         <size>0xf2</size>
         <input_file_ref idref="fl-2"/>
      </object_component>
      <object_component id="oc-cb">
         <name>.debug_info</name>
         <load_address>0x120f</load_address>
         <run_address>0x120f</run_address>
         <size>0xe8</size>
         <input_file_ref idref="fl-2"/>
      </object_component>
      <object_component id="oc-d4">
         <name>.debug_info</name>
         <load_address>0x12f7</load_address>
         <run_address>0x12f7</run_address>
         <size>0xe8</size>
         <input_file_ref idref="fl-2"/>
      </object_component>
      <object_component id="oc-6b">
         <name>.debug_info</name>
         <load_address>0x13df</load_address>
         <run_address>0x13df</run_address>
         <size>0xa42</size>
         <input_file_ref idref="fl-2"/>
      </object_component>
      <object_component id="oc-17d">
         <name>.debug_info</name>
         <load_address>0x1e21</load_address>
         <run_address>0x1e21</run_address>
         <size>0x37e2</size>
         <input_file_ref idref="fl-2"/>
      </object_component>
      <object_component id="oc-182">
         <name>.debug_info</name>
         <load_address>0x5603</load_address>
         <run_address>0x5603</run_address>
         <size>0x1055</size>
         <input_file_ref idref="fl-2"/>
      </object_component>
      <object_component id="oc-f9">
         <name>.debug_info</name>
         <load_address>0x6658</load_address>
         <run_address>0x6658</run_address>
         <size>0x26b</size>
         <input_file_ref idref="fl-2"/>
      </object_component>
      <object_component id="oc-e7">
         <name>.debug_info</name>
         <load_address>0x68c3</load_address>
         <run_address>0x68c3</run_address>
         <size>0x8b</size>
         <input_file_ref idref="fl-2"/>
      </object_component>
      <object_component id="oc-19a">
         <name>.debug_info</name>
         <load_address>0x694e</load_address>
         <run_address>0x694e</run_address>
         <size>0x2a4</size>
         <input_file_ref idref="fl-2"/>
      </object_component>
      <object_component id="oc-ec">
         <name>.debug_info</name>
         <load_address>0x6bf2</load_address>
         <run_address>0x6bf2</run_address>
         <size>0xbb</size>
         <input_file_ref idref="fl-2"/>
      </object_component>
      <object_component id="oc-187">
         <name>.debug_info</name>
         <load_address>0x6cad</load_address>
         <run_address>0x6cad</run_address>
         <size>0xcc</size>
         <input_file_ref idref="fl-2"/>
      </object_component>
      <object_component id="oc-152">
         <name>.debug_info</name>
         <load_address>0x6d79</load_address>
         <run_address>0x6d79</run_address>
         <size>0x2c</size>
         <input_file_ref idref="fl-2"/>
      </object_component>
      <object_component id="oc-78">
         <name>.debug_info</name>
         <load_address>0x6da5</load_address>
         <run_address>0x6da5</run_address>
         <size>0x2e0</size>
         <input_file_ref idref="fl-3"/>
      </object_component>
      <object_component id="oc-24">
         <name>.debug_info</name>
         <load_address>0x7085</load_address>
         <run_address>0x7085</run_address>
         <size>0x10c</size>
         <input_file_ref idref="fl-3"/>
      </object_component>
      <object_component id="oc-65">
         <name>.debug_info</name>
         <load_address>0x7191</load_address>
         <run_address>0x7191</run_address>
         <size>0x1d3</size>
         <input_file_ref idref="fl-3"/>
      </object_component>
      <object_component id="oc-2f">
         <name>.debug_info</name>
         <load_address>0x7364</load_address>
         <run_address>0x7364</run_address>
         <size>0x84</size>
         <input_file_ref idref="fl-3"/>
      </object_component>
      <object_component id="oc-14d">
         <name>.debug_info</name>
         <load_address>0x73e8</load_address>
         <run_address>0x73e8</run_address>
         <size>0x105</size>
         <input_file_ref idref="fl-4"/>
      </object_component>
      <object_component id="oc-aa">
         <name>.debug_info</name>
         <load_address>0x74ed</load_address>
         <run_address>0x74ed</run_address>
         <size>0x277</size>
         <input_file_ref idref="fl-4"/>
      </object_component>
      <object_component id="oc-160">
         <name>.debug_info</name>
         <load_address>0x7764</load_address>
         <run_address>0x7764</run_address>
         <size>0x6ef</size>
         <input_file_ref idref="fl-5"/>
      </object_component>
      <object_component id="oc-bf">
         <name>.debug_info</name>
         <load_address>0x7e53</load_address>
         <run_address>0x7e53</run_address>
         <size>0x1347</size>
         <input_file_ref idref="fl-5"/>
      </object_component>
      <object_component id="oc-151">
         <name>.debug_info</name>
         <load_address>0x919a</load_address>
         <run_address>0x919a</run_address>
         <size>0x605</size>
         <input_file_ref idref="fl-6"/>
      </object_component>
      <object_component id="oc-b0">
         <name>.debug_info</name>
         <load_address>0x979f</load_address>
         <run_address>0x979f</run_address>
         <size>0x515</size>
         <input_file_ref idref="fl-6"/>
      </object_component>
      <object_component id="oc-f2">
         <name>.debug_info</name>
         <load_address>0x9cb4</load_address>
         <run_address>0x9cb4</run_address>
         <size>0x662</size>
         <input_file_ref idref="fl-7"/>
      </object_component>
      <object_component id="oc-73">
         <name>.debug_info</name>
         <load_address>0xa316</load_address>
         <run_address>0xa316</run_address>
         <size>0x4f9</size>
         <input_file_ref idref="fl-7"/>
      </object_component>
      <object_component id="oc-176">
         <name>.debug_info</name>
         <load_address>0xa80f</load_address>
         <run_address>0xa80f</run_address>
         <size>0x334</size>
         <input_file_ref idref="fl-c1"/>
      </object_component>
      <object_component id="oc-c3">
         <name>.debug_info</name>
         <load_address>0xab43</load_address>
         <run_address>0xab43</run_address>
         <size>0x1d2</size>
         <input_file_ref idref="fl-c1"/>
      </object_component>
      <object_component id="oc-16a">
         <name>.debug_info</name>
         <load_address>0xad15</load_address>
         <run_address>0xad15</run_address>
         <size>0x18e</size>
         <input_file_ref idref="fl-c1"/>
      </object_component>
      <object_component id="oc-172">
         <name>.debug_info</name>
         <load_address>0xaea3</load_address>
         <run_address>0xaea3</run_address>
         <size>0x16e</size>
         <input_file_ref idref="fl-c1"/>
      </object_component>
      <object_component id="oc-2a7">
         <name>.debug_info</name>
         <load_address>0xb011</load_address>
         <run_address>0xb011</run_address>
         <size>0x2c</size>
         <input_file_ref idref="fl-c1"/>
      </object_component>
      <object_component id="oc-92">
         <name>.debug_info</name>
         <load_address>0xb03d</load_address>
         <run_address>0xb03d</run_address>
         <size>0x148</size>
         <input_file_ref idref="fl-c2"/>
      </object_component>
      <object_component id="oc-35">
         <name>.debug_info</name>
         <load_address>0xb185</load_address>
         <run_address>0xb185</run_address>
         <size>0x11a</size>
         <input_file_ref idref="fl-c3"/>
      </object_component>
      <object_component id="oc-8f">
         <name>.debug_info</name>
         <load_address>0xb29f</load_address>
         <run_address>0xb29f</run_address>
         <size>0x2d5</size>
         <input_file_ref idref="fl-c4"/>
      </object_component>
      <object_component id="oc-4a">
         <name>.debug_info</name>
         <load_address>0xb574</load_address>
         <run_address>0xb574</run_address>
         <size>0x1b6</size>
         <input_file_ref idref="fl-c4"/>
      </object_component>
      <object_component id="oc-8a">
         <name>.debug_info</name>
         <load_address>0xb72a</load_address>
         <run_address>0xb72a</run_address>
         <size>0x46</size>
         <input_file_ref idref="fl-c4"/>
      </object_component>
      <object_component id="oc-105">
         <name>.debug_info</name>
         <load_address>0xb770</load_address>
         <run_address>0xb770</run_address>
         <size>0x2c</size>
         <input_file_ref idref="fl-c4"/>
      </object_component>
      <object_component id="oc-3f">
         <name>.debug_info</name>
         <load_address>0xb79c</load_address>
         <run_address>0xb79c</run_address>
         <size>0x2a9</size>
         <input_file_ref idref="fl-c5"/>
      </object_component>
      <object_component id="oc-1c">
         <name>.debug_info</name>
         <load_address>0xba45</load_address>
         <run_address>0xba45</run_address>
         <size>0x1eb</size>
         <input_file_ref idref="fl-c5"/>
      </object_component>
      <object_component id="oc-3a">
         <name>.debug_info</name>
         <load_address>0xbc30</load_address>
         <run_address>0xbc30</run_address>
         <size>0x46</size>
         <input_file_ref idref="fl-c5"/>
      </object_component>
      <object_component id="oc-82">
         <name>.debug_info</name>
         <load_address>0xbc76</load_address>
         <run_address>0xbc76</run_address>
         <size>0x2c</size>
         <input_file_ref idref="fl-c5"/>
      </object_component>
      <object_component id="oc-80">
         <name>.debug_info</name>
         <load_address>0xbca2</load_address>
         <run_address>0xbca2</run_address>
         <size>0x29f</size>
         <input_file_ref idref="fl-c6"/>
      </object_component>
      <object_component id="oc-15">
         <name>.debug_info</name>
         <load_address>0xbf41</load_address>
         <run_address>0xbf41</run_address>
         <size>0x251</size>
         <input_file_ref idref="fl-c6"/>
      </object_component>
      <object_component id="oc-2a">
         <name>.debug_info</name>
         <load_address>0xc192</load_address>
         <run_address>0xc192</run_address>
         <size>0x60</size>
         <input_file_ref idref="fl-c6"/>
      </object_component>
      <object_component id="oc-fe">
         <name>.debug_info</name>
         <load_address>0xc1f2</load_address>
         <run_address>0xc1f2</run_address>
         <size>0x46</size>
         <input_file_ref idref="fl-c6"/>
      </object_component>
      <object_component id="oc-7b">
         <name>.debug_info</name>
         <load_address>0xc238</load_address>
         <run_address>0xc238</run_address>
         <size>0x39</size>
         <input_file_ref idref="fl-c6"/>
      </object_component>
      <object_component id="oc-158">
         <name>.debug_info</name>
         <load_address>0xc271</load_address>
         <run_address>0xc271</run_address>
         <size>0x290</size>
         <input_file_ref idref="fl-c7"/>
      </object_component>
      <object_component id="oc-b8">
         <name>.debug_info</name>
         <load_address>0xc501</load_address>
         <run_address>0xc501</run_address>
         <size>0x246</size>
         <input_file_ref idref="fl-c7"/>
      </object_component>
      <object_component id="oc-1c8">
         <name>.debug_info</name>
         <load_address>0xc747</load_address>
         <run_address>0xc747</run_address>
         <size>0x296</size>
         <input_file_ref idref="fl-c8"/>
      </object_component>
      <object_component id="oc-15a">
         <name>.debug_info</name>
         <load_address>0xc9dd</load_address>
         <run_address>0xc9dd</run_address>
         <size>0x1d2</size>
         <input_file_ref idref="fl-c8"/>
      </object_component>
      <object_component id="oc-27">
         <name>.debug_info</name>
         <load_address>0xcbaf</load_address>
         <run_address>0xcbaf</run_address>
         <size>0x10c</size>
         <input_file_ref idref="fl-c9"/>
      </object_component>
      <object_component id="oc-56">
         <name>.debug_info</name>
         <load_address>0xccbb</load_address>
         <run_address>0xccbb</run_address>
         <size>0x1aa</size>
         <input_file_ref idref="fl-c9"/>
      </object_component>
      <object_component id="oc-207">
         <name>.debug_info</name>
         <load_address>0xce65</load_address>
         <run_address>0xce65</run_address>
         <size>0x57c</size>
         <input_file_ref idref="fl-ca"/>
      </object_component>
      <object_component id="oc-1d2">
         <name>.debug_info</name>
         <load_address>0xd3e1</load_address>
         <run_address>0xd3e1</run_address>
         <size>0x21f</size>
         <input_file_ref idref="fl-ca"/>
      </object_component>
      <object_component id="oc-26a">
         <name>.debug_info</name>
         <load_address>0xd600</load_address>
         <run_address>0xd600</run_address>
         <size>0x1b4</size>
         <input_file_ref idref="fl-ca"/>
      </object_component>
      <object_component id="oc-270">
         <name>.debug_info</name>
         <load_address>0xd7b4</load_address>
         <run_address>0xd7b4</run_address>
         <size>0x21c</size>
         <input_file_ref idref="fl-ca"/>
      </object_component>
      <object_component id="oc-1dd">
         <name>.debug_info</name>
         <load_address>0xd9d0</load_address>
         <run_address>0xd9d0</run_address>
         <size>0x3bc</size>
         <input_file_ref idref="fl-ca"/>
      </object_component>
      <object_component id="oc-278">
         <name>.debug_info</name>
         <load_address>0xdd8c</load_address>
         <run_address>0xdd8c</run_address>
         <size>0x306</size>
         <input_file_ref idref="fl-ca"/>
      </object_component>
      <object_component id="oc-27d">
         <name>.debug_info</name>
         <load_address>0xe092</load_address>
         <run_address>0xe092</run_address>
         <size>0x216</size>
         <input_file_ref idref="fl-ca"/>
      </object_component>
      <object_component id="oc-1e4">
         <name>.debug_info</name>
         <load_address>0xe2a8</load_address>
         <run_address>0xe2a8</run_address>
         <size>0x216</size>
         <input_file_ref idref="fl-ca"/>
      </object_component>
      <object_component id="oc-1e9">
         <name>.debug_info</name>
         <load_address>0xe4be</load_address>
         <run_address>0xe4be</run_address>
         <size>0x305</size>
         <input_file_ref idref="fl-ca"/>
      </object_component>
      <object_component id="oc-1f0">
         <name>.debug_info</name>
         <load_address>0xe7c3</load_address>
         <run_address>0xe7c3</run_address>
         <size>0x4b1</size>
         <input_file_ref idref="fl-ca"/>
      </object_component>
      <object_component id="oc-164">
         <name>.debug_info</name>
         <load_address>0xec74</load_address>
         <run_address>0xec74</run_address>
         <size>0x5f5</size>
         <input_file_ref idref="fl-ca"/>
      </object_component>
      <object_component id="oc-208">
         <name>.debug_info</name>
         <load_address>0xf269</load_address>
         <run_address>0xf269</run_address>
         <size>0x86</size>
         <input_file_ref idref="fl-ca"/>
      </object_component>
      <object_component id="oc-2ac">
         <name>.debug_info</name>
         <load_address>0xf2ef</load_address>
         <run_address>0xf2ef</run_address>
         <size>0x39</size>
         <input_file_ref idref="fl-ca"/>
      </object_component>
      <object_component id="oc-2fa">
         <name>.debug_info</name>
         <load_address>0xf328</load_address>
         <run_address>0xf328</run_address>
         <size>0xb6</size>
         <input_file_ref idref="fl-ca"/>
      </object_component>
      <object_component id="oc-2b1">
         <name>.debug_info</name>
         <load_address>0xf3de</load_address>
         <run_address>0xf3de</run_address>
         <size>0x46</size>
         <input_file_ref idref="fl-ca"/>
      </object_component>
      <object_component id="oc-20d">
         <name>.debug_info</name>
         <load_address>0xf424</load_address>
         <run_address>0xf424</run_address>
         <size>0x46</size>
         <input_file_ref idref="fl-ca"/>
      </object_component>
      <object_component id="oc-2dd">
         <name>.debug_info</name>
         <load_address>0xf46a</load_address>
         <run_address>0xf46a</run_address>
         <size>0x29b</size>
         <input_file_ref idref="fl-cb"/>
      </object_component>
      <object_component id="oc-288">
         <name>.debug_info</name>
         <load_address>0xf705</load_address>
         <run_address>0xf705</run_address>
         <size>0x196</size>
         <input_file_ref idref="fl-cb"/>
      </object_component>
      <object_component id="oc-306">
         <name>.debug_info</name>
         <load_address>0xf89b</load_address>
         <run_address>0xf89b</run_address>
         <size>0x39</size>
         <input_file_ref idref="fl-cb"/>
      </object_component>
      <object_component id="oc-2de">
         <name>.debug_info</name>
         <load_address>0xf8d4</load_address>
         <run_address>0xf8d4</run_address>
         <size>0x2c</size>
         <input_file_ref idref="fl-cb"/>
      </object_component>
      <object_component id="oc-2ea">
         <name>.debug_info</name>
         <load_address>0xf900</load_address>
         <run_address>0xf900</run_address>
         <size>0x2fe</size>
         <input_file_ref idref="fl-cc"/>
      </object_component>
      <object_component id="oc-28c">
         <name>.debug_info</name>
         <load_address>0xfbfe</load_address>
         <run_address>0xfbfe</run_address>
         <size>0x226</size>
         <input_file_ref idref="fl-cc"/>
      </object_component>
      <object_component id="oc-267">
         <name>.debug_info</name>
         <load_address>0xfe24</load_address>
         <run_address>0xfe24</run_address>
         <size>0x14d</size>
         <input_file_ref idref="fl-cd"/>
      </object_component>
      <object_component id="oc-1d8">
         <name>.debug_info</name>
         <load_address>0xff71</load_address>
         <run_address>0xff71</run_address>
         <size>0x129</size>
         <input_file_ref idref="fl-ce"/>
      </object_component>
      <object_component id="oc-252">
         <name>.debug_info</name>
         <load_address>0x1009a</load_address>
         <run_address>0x1009a</run_address>
         <size>0x12b</size>
         <input_file_ref idref="fl-ce"/>
      </object_component>
      <object_component id="oc-24b">
         <name>.debug_info</name>
         <load_address>0x101c5</load_address>
         <run_address>0x101c5</run_address>
         <size>0x13b</size>
         <input_file_ref idref="fl-cf"/>
      </object_component>
      <object_component id="oc-246">
         <name>.debug_info</name>
         <load_address>0x10300</load_address>
         <run_address>0x10300</run_address>
         <size>0x13b</size>
         <input_file_ref idref="fl-d0"/>
      </object_component>
      <object_component id="oc-256">
         <name>.debug_info</name>
         <load_address>0x1043b</load_address>
         <run_address>0x1043b</run_address>
         <size>0x12f</size>
         <input_file_ref idref="fl-d1"/>
      </object_component>
      <object_component id="oc-261">
         <name>.debug_info</name>
         <load_address>0x1056a</load_address>
         <run_address>0x1056a</run_address>
         <size>0x12d</size>
         <input_file_ref idref="fl-d2"/>
      </object_component>
      <object_component id="oc-241">
         <name>.debug_info</name>
         <load_address>0x10697</load_address>
         <run_address>0x10697</run_address>
         <size>0x135</size>
         <input_file_ref idref="fl-d3"/>
      </object_component>
      <object_component id="oc-1ac">
         <name>.debug_info</name>
         <load_address>0x107cc</load_address>
         <run_address>0x107cc</run_address>
         <size>0x4b4</size>
         <input_file_ref idref="fl-d4"/>
      </object_component>
      <object_component id="oc-11e">
         <name>.debug_info</name>
         <load_address>0x10c80</load_address>
         <run_address>0x10c80</run_address>
         <size>0x1a7</size>
         <input_file_ref idref="fl-d4"/>
      </object_component>
      <object_component id="oc-226">
         <name>.debug_info</name>
         <load_address>0x10e27</load_address>
         <run_address>0x10e27</run_address>
         <size>0x39</size>
         <input_file_ref idref="fl-d4"/>
      </object_component>
      <object_component id="oc-2b9">
         <name>.debug_info</name>
         <load_address>0x10e60</load_address>
         <run_address>0x10e60</run_address>
         <size>0x39</size>
         <input_file_ref idref="fl-d4"/>
      </object_component>
      <object_component id="oc-22b">
         <name>.debug_info</name>
         <load_address>0x10e99</load_address>
         <run_address>0x10e99</run_address>
         <size>0x39</size>
         <input_file_ref idref="fl-d4"/>
      </object_component>
      <object_component id="oc-230">
         <name>.debug_info</name>
         <load_address>0x10ed2</load_address>
         <run_address>0x10ed2</run_address>
         <size>0xcd</size>
         <input_file_ref idref="fl-d4"/>
      </object_component>
      <object_component id="oc-97">
         <name>.debug_info</name>
         <load_address>0x10f9f</load_address>
         <run_address>0x10f9f</run_address>
         <size>0x154</size>
         <input_file_ref idref="fl-d5"/>
      </object_component>
      <object_component id="oc-111">
         <name>.debug_info</name>
         <load_address>0x110f3</load_address>
         <run_address>0x110f3</run_address>
         <size>0x123</size>
         <input_file_ref idref="fl-d7"/>
      </object_component>
      <object_component id="oc-23d">
         <name>.debug_info</name>
         <load_address>0x11216</load_address>
         <run_address>0x11216</run_address>
         <size>0x2ba</size>
         <input_file_ref idref="fl-da"/>
      </object_component>
      <object_component id="oc-1cd">
         <name>.debug_info</name>
         <load_address>0x114d0</load_address>
         <run_address>0x114d0</run_address>
         <size>0x17d</size>
         <input_file_ref idref="fl-da"/>
      </object_component>
      <object_component id="oc-2c7">
         <name>.debug_info</name>
         <load_address>0x1164d</load_address>
         <run_address>0x1164d</run_address>
         <size>0xfa</size>
         <input_file_ref idref="fl-db"/>
      </object_component>
      <object_component id="oc-23a">
         <name>.debug_info</name>
         <load_address>0x11747</load_address>
         <run_address>0x11747</run_address>
         <size>0x106</size>
         <input_file_ref idref="fl-db"/>
      </object_component>
      <object_component id="oc-2d5">
         <name>.debug_info</name>
         <load_address>0x1184d</load_address>
         <run_address>0x1184d</run_address>
         <size>0x29c</size>
         <input_file_ref idref="fl-dc"/>
      </object_component>
      <object_component id="oc-25d">
         <name>.debug_info</name>
         <load_address>0x11ae9</load_address>
         <run_address>0x11ae9</run_address>
         <size>0x1ce</size>
         <input_file_ref idref="fl-dc"/>
      </object_component>
      <object_component id="oc-298">
         <name>.debug_info</name>
         <load_address>0x11cb7</load_address>
         <run_address>0x11cb7</run_address>
         <size>0x297</size>
         <input_file_ref idref="fl-dd"/>
      </object_component>
      <object_component id="oc-1f7">
         <name>.debug_info</name>
         <load_address>0x11f4e</load_address>
         <run_address>0x11f4e</run_address>
         <size>0x1b7</size>
         <input_file_ref idref="fl-dd"/>
      </object_component>
      <object_component id="oc-2ec">
         <name>.debug_info</name>
         <load_address>0x12105</load_address>
         <run_address>0x12105</run_address>
         <size>0x29b</size>
         <input_file_ref idref="fl-de"/>
      </object_component>
      <object_component id="oc-291">
         <name>.debug_info</name>
         <load_address>0x123a0</load_address>
         <run_address>0x123a0</run_address>
         <size>0x263</size>
         <input_file_ref idref="fl-de"/>
      </object_component>
      <object_component id="oc-2a4">
         <name>.debug_info</name>
         <load_address>0x12603</load_address>
         <run_address>0x12603</run_address>
         <size>0x28a</size>
         <input_file_ref idref="fl-df"/>
      </object_component>
      <object_component id="oc-2a1">
         <name>.debug_info</name>
         <load_address>0x1288d</load_address>
         <run_address>0x1288d</run_address>
         <size>0x10f</size>
         <input_file_ref idref="fl-df"/>
      </object_component>
      <object_component id="oc-201">
         <name>.debug_info</name>
         <load_address>0x1299c</load_address>
         <run_address>0x1299c</run_address>
         <size>0x14f</size>
         <input_file_ref idref="fl-df"/>
      </object_component>
      <object_component id="oc-29f">
         <name>.debug_info</name>
         <load_address>0x12aeb</load_address>
         <run_address>0x12aeb</run_address>
         <size>0x290</size>
         <input_file_ref idref="fl-e0"/>
      </object_component>
      <object_component id="oc-1fb">
         <name>.debug_info</name>
         <load_address>0x12d7b</load_address>
         <run_address>0x12d7b</run_address>
         <size>0x15b</size>
         <input_file_ref idref="fl-e0"/>
      </object_component>
      <object_component id="oc-2ef">
         <name>.debug_info</name>
         <load_address>0x12ed6</load_address>
         <run_address>0x12ed6</run_address>
         <size>0x46</size>
         <input_file_ref idref="fl-e0"/>
      </object_component>
      <object_component id="oc-29a">
         <name>.debug_info</name>
         <load_address>0x12f1c</load_address>
         <run_address>0x12f1c</run_address>
         <size>0x39</size>
         <input_file_ref idref="fl-e0"/>
      </object_component>
      <object_component id="oc-2e4">
         <name>.debug_info</name>
         <load_address>0x12f55</load_address>
         <run_address>0x12f55</run_address>
         <size>0x162</size>
         <input_file_ref idref="fl-e1"/>
      </object_component>
      <object_component id="oc-2cc">
         <name>.debug_info</name>
         <load_address>0x130b7</load_address>
         <run_address>0x130b7</run_address>
         <size>0x116</size>
         <input_file_ref idref="fl-e2"/>
      </object_component>
      <object_component id="oc-342">
         <name>.debug_info</name>
         <load_address>0x131cd</load_address>
         <run_address>0x131cd</run_address>
         <size>0xb8</size>
      </object_component>
      <object_component id="oc-17c">
         <name>.debug_line</name>
         <load_address>0x0</load_address>
         <run_address>0x0</run_address>
         <size>0x14a</size>
         <input_file_ref idref="fl-2"/>
      </object_component>
      <object_component id="oc-18d">
         <name>.debug_line</name>
         <load_address>0x14a</load_address>
         <run_address>0x14a</run_address>
         <size>0x34</size>
         <input_file_ref idref="fl-2"/>
      </object_component>
      <object_component id="oc-195">
         <name>.debug_line</name>
         <load_address>0x17e</load_address>
         <run_address>0x17e</run_address>
         <size>0x34</size>
         <input_file_ref idref="fl-2"/>
      </object_component>
      <object_component id="oc-197">
         <name>.debug_line</name>
         <load_address>0x1b2</load_address>
         <run_address>0x1b2</run_address>
         <size>0x34</size>
         <input_file_ref idref="fl-2"/>
      </object_component>
      <object_component id="oc-199">
         <name>.debug_line</name>
         <load_address>0x1e6</load_address>
         <run_address>0x1e6</run_address>
         <size>0x34</size>
         <input_file_ref idref="fl-2"/>
      </object_component>
      <object_component id="oc-191">
         <name>.debug_line</name>
         <load_address>0x21a</load_address>
         <run_address>0x21a</run_address>
         <size>0x34</size>
         <input_file_ref idref="fl-2"/>
      </object_component>
      <object_component id="oc-193">
         <name>.debug_line</name>
         <load_address>0x24e</load_address>
         <run_address>0x24e</run_address>
         <size>0x34</size>
         <input_file_ref idref="fl-2"/>
      </object_component>
      <object_component id="oc-178">
         <name>.debug_line</name>
         <load_address>0x282</load_address>
         <run_address>0x282</run_address>
         <size>0x34</size>
         <input_file_ref idref="fl-2"/>
      </object_component>
      <object_component id="oc-17a">
         <name>.debug_line</name>
         <load_address>0x2b6</load_address>
         <run_address>0x2b6</run_address>
         <size>0x34</size>
         <input_file_ref idref="fl-2"/>
      </object_component>
      <object_component id="oc-18f">
         <name>.debug_line</name>
         <load_address>0x2ea</load_address>
         <run_address>0x2ea</run_address>
         <size>0x34</size>
         <input_file_ref idref="fl-2"/>
      </object_component>
      <object_component id="oc-6e">
         <name>.debug_line</name>
         <load_address>0x31e</load_address>
         <run_address>0x31e</run_address>
         <size>0x279</size>
         <input_file_ref idref="fl-2"/>
      </object_component>
      <object_component id="oc-180">
         <name>.debug_line</name>
         <load_address>0x597</load_address>
         <run_address>0x597</run_address>
         <size>0x52</size>
         <input_file_ref idref="fl-2"/>
      </object_component>
      <object_component id="oc-185">
         <name>.debug_line</name>
         <load_address>0x5e9</load_address>
         <run_address>0x5e9</run_address>
         <size>0x55</size>
         <input_file_ref idref="fl-2"/>
      </object_component>
      <object_component id="oc-fc">
         <name>.debug_line</name>
         <load_address>0x63e</load_address>
         <run_address>0x63e</run_address>
         <size>0x6a</size>
         <input_file_ref idref="fl-2"/>
      </object_component>
      <object_component id="oc-ea">
         <name>.debug_line</name>
         <load_address>0x6a8</load_address>
         <run_address>0x6a8</run_address>
         <size>0x20</size>
         <input_file_ref idref="fl-2"/>
      </object_component>
      <object_component id="oc-19d">
         <name>.debug_line</name>
         <load_address>0x6c8</load_address>
         <run_address>0x6c8</run_address>
         <size>0x6e</size>
         <input_file_ref idref="fl-2"/>
      </object_component>
      <object_component id="oc-ef">
         <name>.debug_line</name>
         <load_address>0x736</load_address>
         <run_address>0x736</run_address>
         <size>0x6b</size>
         <input_file_ref idref="fl-2"/>
      </object_component>
      <object_component id="oc-18a">
         <name>.debug_line</name>
         <load_address>0x7a1</load_address>
         <run_address>0x7a1</run_address>
         <size>0x65</size>
         <input_file_ref idref="fl-2"/>
      </object_component>
      <object_component id="oc-155">
         <name>.debug_line</name>
         <load_address>0x806</load_address>
         <run_address>0x806</run_address>
         <size>0x66</size>
         <input_file_ref idref="fl-2"/>
      </object_component>
      <object_component id="oc-f8">
         <name>.debug_line</name>
         <load_address>0x86c</load_address>
         <run_address>0x86c</run_address>
         <size>0x40</size>
         <input_file_ref idref="fl-3"/>
      </object_component>
      <object_component id="oc-77">
         <name>.debug_line</name>
         <load_address>0x8ac</load_address>
         <run_address>0x8ac</run_address>
         <size>0x40</size>
         <input_file_ref idref="fl-3"/>
      </object_component>
      <object_component id="oc-69">
         <name>.debug_line</name>
         <load_address>0x8ec</load_address>
         <run_address>0x8ec</run_address>
         <size>0x71</size>
         <input_file_ref idref="fl-3"/>
      </object_component>
      <object_component id="oc-32">
         <name>.debug_line</name>
         <load_address>0x95d</load_address>
         <run_address>0x95d</run_address>
         <size>0x20</size>
         <input_file_ref idref="fl-3"/>
      </object_component>
      <object_component id="oc-1c2">
         <name>.debug_line</name>
         <load_address>0x97d</load_address>
         <run_address>0x97d</run_address>
         <size>0x3b</size>
         <input_file_ref idref="fl-4"/>
      </object_component>
      <object_component id="oc-a9">
         <name>.debug_line</name>
         <load_address>0x9b8</load_address>
         <run_address>0x9b8</run_address>
         <size>0x159</size>
         <input_file_ref idref="fl-4"/>
      </object_component>
      <object_component id="oc-1ca">
         <name>.debug_line</name>
         <load_address>0xb11</load_address>
         <run_address>0xb11</run_address>
         <size>0x17e</size>
         <input_file_ref idref="fl-5"/>
      </object_component>
      <object_component id="oc-bd">
         <name>.debug_line</name>
         <load_address>0xc8f</load_address>
         <run_address>0xc8f</run_address>
         <size>0x3d5</size>
         <input_file_ref idref="fl-5"/>
      </object_component>
      <object_component id="oc-1c4">
         <name>.debug_line</name>
         <load_address>0x1064</load_address>
         <run_address>0x1064</run_address>
         <size>0x7d</size>
         <input_file_ref idref="fl-6"/>
      </object_component>
      <object_component id="oc-b4">
         <name>.debug_line</name>
         <load_address>0x10e1</load_address>
         <run_address>0x10e1</run_address>
         <size>0x13a</size>
         <input_file_ref idref="fl-6"/>
      </object_component>
      <object_component id="oc-1a0">
         <name>.debug_line</name>
         <load_address>0x121b</load_address>
         <run_address>0x121b</run_address>
         <size>0x83</size>
         <input_file_ref idref="fl-7"/>
      </object_component>
      <object_component id="oc-72">
         <name>.debug_line</name>
         <load_address>0x129e</load_address>
         <run_address>0x129e</run_address>
         <size>0x180</size>
         <input_file_ref idref="fl-7"/>
      </object_component>
      <object_component id="oc-215">
         <name>.debug_line</name>
         <load_address>0x141e</load_address>
         <run_address>0x141e</run_address>
         <size>0x2d</size>
         <input_file_ref idref="fl-c1"/>
      </object_component>
      <object_component id="oc-c6">
         <name>.debug_line</name>
         <load_address>0x144b</load_address>
         <run_address>0x144b</run_address>
         <size>0x4b</size>
         <input_file_ref idref="fl-c1"/>
      </object_component>
      <object_component id="oc-16d">
         <name>.debug_line</name>
         <load_address>0x1496</load_address>
         <run_address>0x1496</run_address>
         <size>0x4b</size>
         <input_file_ref idref="fl-c1"/>
      </object_component>
      <object_component id="oc-170">
         <name>.debug_line</name>
         <load_address>0x14e1</load_address>
         <run_address>0x14e1</run_address>
         <size>0x3f</size>
         <input_file_ref idref="fl-c1"/>
      </object_component>
      <object_component id="oc-2aa">
         <name>.debug_line</name>
         <load_address>0x1520</load_address>
         <run_address>0x1520</run_address>
         <size>0x91</size>
         <input_file_ref idref="fl-c1"/>
      </object_component>
      <object_component id="oc-94">
         <name>.debug_line</name>
         <load_address>0x15b1</load_address>
         <run_address>0x15b1</run_address>
         <size>0x79</size>
         <input_file_ref idref="fl-c2"/>
      </object_component>
      <object_component id="oc-38">
         <name>.debug_line</name>
         <load_address>0x162a</load_address>
         <run_address>0x162a</run_address>
         <size>0x88</size>
         <input_file_ref idref="fl-c3"/>
      </object_component>
      <object_component id="oc-10b">
         <name>.debug_line</name>
         <load_address>0x16b2</load_address>
         <run_address>0x16b2</run_address>
         <size>0x92</size>
         <input_file_ref idref="fl-c4"/>
      </object_component>
      <object_component id="oc-47">
         <name>.debug_line</name>
         <load_address>0x1744</load_address>
         <run_address>0x1744</run_address>
         <size>0x4f</size>
         <input_file_ref idref="fl-c4"/>
      </object_component>
      <object_component id="oc-8d">
         <name>.debug_line</name>
         <load_address>0x1793</load_address>
         <run_address>0x1793</run_address>
         <size>0x34</size>
         <input_file_ref idref="fl-c4"/>
      </object_component>
      <object_component id="oc-108">
         <name>.debug_line</name>
         <load_address>0x17c7</load_address>
         <run_address>0x17c7</run_address>
         <size>0x92</size>
         <input_file_ref idref="fl-c4"/>
      </object_component>
      <object_component id="oc-88">
         <name>.debug_line</name>
         <load_address>0x1859</load_address>
         <run_address>0x1859</run_address>
         <size>0x20</size>
         <input_file_ref idref="fl-c5"/>
      </object_component>
      <object_component id="oc-1f">
         <name>.debug_line</name>
         <load_address>0x1879</load_address>
         <run_address>0x1879</run_address>
         <size>0x55</size>
         <input_file_ref idref="fl-c5"/>
      </object_component>
      <object_component id="oc-3d">
         <name>.debug_line</name>
         <load_address>0x18ce</load_address>
         <run_address>0x18ce</run_address>
         <size>0x3a</size>
         <input_file_ref idref="fl-c5"/>
      </object_component>
      <object_component id="oc-85">
         <name>.debug_line</name>
         <load_address>0x1908</load_address>
         <run_address>0x1908</run_address>
         <size>0x92</size>
         <input_file_ref idref="fl-c5"/>
      </object_component>
      <object_component id="oc-104">
         <name>.debug_line</name>
         <load_address>0x199a</load_address>
         <run_address>0x199a</run_address>
         <size>0x20</size>
         <input_file_ref idref="fl-c6"/>
      </object_component>
      <object_component id="oc-19">
         <name>.debug_line</name>
         <load_address>0x19ba</load_address>
         <run_address>0x19ba</run_address>
         <size>0xa9</size>
         <input_file_ref idref="fl-c6"/>
      </object_component>
      <object_component id="oc-2d">
         <name>.debug_line</name>
         <load_address>0x1a63</load_address>
         <run_address>0x1a63</run_address>
         <size>0x3a</size>
         <input_file_ref idref="fl-c6"/>
      </object_component>
      <object_component id="oc-101">
         <name>.debug_line</name>
         <load_address>0x1a9d</load_address>
         <run_address>0x1a9d</run_address>
         <size>0x9a</size>
         <input_file_ref idref="fl-c6"/>
      </object_component>
      <object_component id="oc-7e">
         <name>.debug_line</name>
         <load_address>0x1b37</load_address>
         <run_address>0x1b37</run_address>
         <size>0x96</size>
         <input_file_ref idref="fl-c6"/>
      </object_component>
      <object_component id="oc-1c6">
         <name>.debug_line</name>
         <load_address>0x1bcd</load_address>
         <run_address>0x1bcd</run_address>
         <size>0x20</size>
         <input_file_ref idref="fl-c7"/>
      </object_component>
      <object_component id="oc-b7">
         <name>.debug_line</name>
         <load_address>0x1bed</load_address>
         <run_address>0x1bed</run_address>
         <size>0xb2</size>
         <input_file_ref idref="fl-c7"/>
      </object_component>
      <object_component id="oc-238">
         <name>.debug_line</name>
         <load_address>0x1c9f</load_address>
         <run_address>0x1c9f</run_address>
         <size>0x20</size>
         <input_file_ref idref="fl-c8"/>
      </object_component>
      <object_component id="oc-15e">
         <name>.debug_line</name>
         <load_address>0x1cbf</load_address>
         <run_address>0x1cbf</run_address>
         <size>0x5a</size>
         <input_file_ref idref="fl-c8"/>
      </object_component>
      <object_component id="oc-7a">
         <name>.debug_line</name>
         <load_address>0x1d19</load_address>
         <run_address>0x1d19</run_address>
         <size>0x33</size>
         <input_file_ref idref="fl-c9"/>
      </object_component>
      <object_component id="oc-53">
         <name>.debug_line</name>
         <load_address>0x1d4c</load_address>
         <run_address>0x1d4c</run_address>
         <size>0x45</size>
         <input_file_ref idref="fl-c9"/>
      </object_component>
      <object_component id="oc-2a6">
         <name>.debug_line</name>
         <load_address>0x1d91</load_address>
         <run_address>0x1d91</run_address>
         <size>0x264</size>
         <input_file_ref idref="fl-ca"/>
      </object_component>
      <object_component id="oc-1d5">
         <name>.debug_line</name>
         <load_address>0x1ff5</load_address>
         <run_address>0x1ff5</run_address>
         <size>0x7a</size>
         <input_file_ref idref="fl-ca"/>
      </object_component>
      <object_component id="oc-26d">
         <name>.debug_line</name>
         <load_address>0x206f</load_address>
         <run_address>0x206f</run_address>
         <size>0x51</size>
         <input_file_ref idref="fl-ca"/>
      </object_component>
      <object_component id="oc-273">
         <name>.debug_line</name>
         <load_address>0x20c0</load_address>
         <run_address>0x20c0</run_address>
         <size>0x88</size>
         <input_file_ref idref="fl-ca"/>
      </object_component>
      <object_component id="oc-1e0">
         <name>.debug_line</name>
         <load_address>0x2148</load_address>
         <run_address>0x2148</run_address>
         <size>0x14d</size>
         <input_file_ref idref="fl-ca"/>
      </object_component>
      <object_component id="oc-277">
         <name>.debug_line</name>
         <load_address>0x2295</load_address>
         <run_address>0x2295</run_address>
         <size>0xee</size>
         <input_file_ref idref="fl-ca"/>
      </object_component>
      <object_component id="oc-280">
         <name>.debug_line</name>
         <load_address>0x2383</load_address>
         <run_address>0x2383</run_address>
         <size>0x5d</size>
         <input_file_ref idref="fl-ca"/>
      </object_component>
      <object_component id="oc-1e3">
         <name>.debug_line</name>
         <load_address>0x23e0</load_address>
         <run_address>0x23e0</run_address>
         <size>0x5c</size>
         <input_file_ref idref="fl-ca"/>
      </object_component>
      <object_component id="oc-1ec">
         <name>.debug_line</name>
         <load_address>0x243c</load_address>
         <run_address>0x243c</run_address>
         <size>0xae</size>
         <input_file_ref idref="fl-ca"/>
      </object_component>
      <object_component id="oc-1ef">
         <name>.debug_line</name>
         <load_address>0x24ea</load_address>
         <run_address>0x24ea</run_address>
         <size>0x1b0</size>
         <input_file_ref idref="fl-ca"/>
      </object_component>
      <object_component id="oc-167">
         <name>.debug_line</name>
         <load_address>0x269a</load_address>
         <run_address>0x269a</run_address>
         <size>0x777</size>
         <input_file_ref idref="fl-ca"/>
      </object_component>
      <object_component id="oc-20b">
         <name>.debug_line</name>
         <load_address>0x2e11</load_address>
         <run_address>0x2e11</run_address>
         <size>0x92</size>
         <input_file_ref idref="fl-ca"/>
      </object_component>
      <object_component id="oc-2af">
         <name>.debug_line</name>
         <load_address>0x2ea3</load_address>
         <run_address>0x2ea3</run_address>
         <size>0x92</size>
         <input_file_ref idref="fl-ca"/>
      </object_component>
      <object_component id="oc-2fd">
         <name>.debug_line</name>
         <load_address>0x2f35</load_address>
         <run_address>0x2f35</run_address>
         <size>0x9a</size>
         <input_file_ref idref="fl-ca"/>
      </object_component>
      <object_component id="oc-2b4">
         <name>.debug_line</name>
         <load_address>0x2fcf</load_address>
         <run_address>0x2fcf</run_address>
         <size>0x97</size>
         <input_file_ref idref="fl-ca"/>
      </object_component>
      <object_component id="oc-210">
         <name>.debug_line</name>
         <load_address>0x3066</load_address>
         <run_address>0x3066</run_address>
         <size>0x2e</size>
         <input_file_ref idref="fl-ca"/>
      </object_component>
      <object_component id="oc-305">
         <name>.debug_line</name>
         <load_address>0x3094</load_address>
         <run_address>0x3094</run_address>
         <size>0x20</size>
         <input_file_ref idref="fl-cb"/>
      </object_component>
      <object_component id="oc-287">
         <name>.debug_line</name>
         <load_address>0x30b4</load_address>
         <run_address>0x30b4</run_address>
         <size>0x5e</size>
         <input_file_ref idref="fl-cb"/>
      </object_component>
      <object_component id="oc-309">
         <name>.debug_line</name>
         <load_address>0x3112</load_address>
         <run_address>0x3112</run_address>
         <size>0x9a</size>
         <input_file_ref idref="fl-cb"/>
      </object_component>
      <object_component id="oc-2e1">
         <name>.debug_line</name>
         <load_address>0x31ac</load_address>
         <run_address>0x31ac</run_address>
         <size>0x97</size>
         <input_file_ref idref="fl-cb"/>
      </object_component>
      <object_component id="oc-30d">
         <name>.debug_line</name>
         <load_address>0x3243</load_address>
         <run_address>0x3243</run_address>
         <size>0x9b</size>
         <input_file_ref idref="fl-cc"/>
      </object_component>
      <object_component id="oc-28f">
         <name>.debug_line</name>
         <load_address>0x32de</load_address>
         <run_address>0x32de</run_address>
         <size>0x9c</size>
         <input_file_ref idref="fl-cc"/>
      </object_component>
      <object_component id="oc-266">
         <name>.debug_line</name>
         <load_address>0x337a</load_address>
         <run_address>0x337a</run_address>
         <size>0xd2</size>
         <input_file_ref idref="fl-cd"/>
[...]
         <value>0x20000000</value>
      </symbol>
      <symbol id="sm-248">
         <name>GetDataFromBuffer</name>
         <value>0x18a1</value>
         <object_component_ref idref="oc-bb"/>
      </symbol>
      <symbol id="sm-249">
         <name>ESP8266_EnableMultipleConnections</name>
         <value>0x15b7</value>
         <object_component_ref idref="oc-bb"/>
      </symbol>
      <symbol id="sm-24a">
         <name>ESP8266_CheckAP</name>
         <value>0x1a59</value>
         <object_component_ref idref="oc-bb"/>
      </symbol>
      <symbol id="sm-24b">
         <name>ESP8266_AvailableAPs</name>
         <value>0x14ad</value>
         <object_component_ref idref="oc-bb"/>
      </symbol>
      <symbol id="sm-24c">
         <name>ESP8266_WaitForAnswer</name>
         <value>0x13cd</value>
         <object_component_ref idref="oc-bb"/>
      </symbol>
      <symbol id="sm-24d">
         <name>ESP8266_ConnectToAP</name>
         <value>0x150d</value>
         <object_component_ref idref="oc-bb"/>
      </symbol>
      <symbol id="sm-24e">
         <name>ESP8266_Terminal</name>
         <value>0x179b</value>
         <object_component_ref idref="oc-bb"/>
      </symbol>
      <symbol id="sm-24f">
         <name>ESP8266_AssociatedIPs</name>
         <value>0x14dd</value>
         <object_component_ref idref="oc-bb"/>
      </symbol>
      <symbol id="sm-250">
         <name>ESP8266_HardReset</name>
         <value>0x1aad</value>
         <object_component_ref idref="oc-bb"/>
      </symbol>
      <symbol id="sm-251">
         <name>ESP8266_SetMode</name>
         <value>0x1467</value>
         <object_component_ref idref="oc-bb"/>
      </symbol>
      <symbol id="sm-252">
         <name>ESP8266_StartServer</name>
         <value>0x160f</value>
         <object_component_ref idref="oc-bb"/>
      </symbol>
      <symbol id="sm-253">
         <name>ESP8266_GetBuffer</name>
         <value>0x1a89</value>
         <object_component_ref idref="oc-bb"/>
      </symbol>
      <symbol id="sm-254">
         <name>ESP8266_ProduceAP</name>
         <value>0x157b</value>
         <object_component_ref idref="oc-bb"/>
      </symbol>
      <symbol id="sm-255">
         <name>ESP8266_EstablishConnection</name>
         <value>0x168b</value>
         <object_component_ref idref="oc-bb"/>
      </symbol>
      <symbol id="sm-256">
         <name>ESP8266_SetStaticIP</name>
         <value>0x1649</value>
         <object_component_ref idref="oc-bb"/>
      </symbol>
      <symbol id="sm-257">
         <name>ESP8266_ReceiveData</name>
         <value>0x19df</value>
         <object_component_ref idref="oc-bb"/>
      </symbol>
      <symbol id="sm-258">
         <name>ESP8266_SendData</name>
         <value>0x1711</value>
         <object_component_ref idref="oc-bb"/>
      </symbol>
      <symbol id="sm-259">
         <name>ESP8266_CheckConnection</name>
         <value>0x1437</value>
         <object_component_ref idref="oc-bb"/>
      </symbol>
      <symbol id="sm-281">
         <name>PrintString</name>
         <value>0x20ad</value>
         <object_component_ref idref="oc-af"/>
      </symbol>
      <symbol id="sm-282">
         <name>PrintInteger</name>
         <value>0x20cf</value>
         <object_component_ref idref="oc-af"/>
      </symbol>
      <symbol id="sm-283">
         <name>PrintChar</name>
         <value>0x2099</value>
         <object_component_ref idref="oc-af"/>
      </symbol>
      <symbol id="sm-284">
         <name>MSPrintf</name>
         <value>0x215b</value>
         <object_component_ref idref="oc-af"/>
      </symbol>
      <symbol id="sm-285">
         <name>MSPgets</name>
         <value>0x2215</value>
         <object_component_ref idref="oc-af"/>
      </symbol>
      <symbol id="sm-2b0">
         <name>UART_DATA</name>
         <value>0x20000800</value>
      </symbol>
      <symbol id="sm-2b1">
         <name>uart_tail</name>
         <value>0x20001008</value>
      </symbol>
      <symbol id="sm-2b2">
         <name>uart_head</name>
         <value>0x20001004</value>
      </symbol>
      <symbol id="sm-2b3">
         <name>UART_Available</name>
         <value>0x259b</value>
         <object_component_ref idref="oc-70"/>
      </symbol>
      <symbol id="sm-2b4">
         <name>UART_Read</name>
         <value>0x2537</value>
         <object_component_ref idref="oc-70"/>
      </symbol>
      <symbol id="sm-2b5">
         <name>EUSCIA2_IRQHandler</name>
         <value>0x25d9</value>
         <object_component_ref idref="oc-70"/>
      </symbol>
      <symbol id="sm-2b6">
         <name>UART_Flush</name>
         <value>0x25af</value>
         <object_component_ref idref="oc-70"/>
      </symbol>
      <symbol id="sm-2b7">
         <name>UART_Write</name>
         <value>0x24fd</value>
         <object_component_ref idref="oc-70"/>
      </symbol>
      <symbol id="sm-2b8">
         <name>EUSCIA0_IRQHandler</name>
         <value>0x25cd</value>
         <object_component_ref idref="oc-70"/>
      </symbol>
      <symbol id="sm-2b9">
         <name>UART_Init</name>
         <value>0x248d</value>
         <object_component_ref idref="oc-70"/>
      </symbol>
      <symbol id="sm-2e0">
         <name>sprintf</name>
         <value>0x3429</value>
         <object_component_ref idref="oc-c1"/>
      </symbol>
      <symbol id="sm-2ef">
         <name>__aeabi_memset</name>
         <value>0x30a3</value>
         <object_component_ref idref="oc-90"/>
      </symbol>
      <symbol id="sm-2f0">
         <name>memset</name>
         <value>0x30a9</value>
         <object_component_ref idref="oc-90"/>
      </symbol>
      <symbol id="sm-2f1">
         <name>__aeabi_memset8</name>
         <value>0x30a3</value>
         <object_component_ref idref="oc-90"/>
      </symbol>
      <symbol id="sm-2f2">
         <name>__aeabi_memset4</name>
         <value>0x30a3</value>
         <object_component_ref idref="oc-90"/>
      </symbol>
      <symbol id="sm-2f3">
         <name>__aeabi_memclr8</name>
         <value>0x30a1</value>
         <object_component_ref idref="oc-90"/>
      </symbol>
      <symbol id="sm-2f4">
         <name>__aeabi_memclr4</name>
         <value>0x30a1</value>
         <object_component_ref idref="oc-90"/>
      </symbol>
      <symbol id="sm-2f5">
         <name>__aeabi_memclr</name>
         <value>0x30a1</value>
         <object_component_ref idref="oc-90"/>
      </symbol>
      <symbol id="sm-310">
         <name>memcpy</name>
         <value>0x2e63</value>
         <object_component_ref idref="oc-34"/>
      </symbol>
      <symbol id="sm-311">
         <name>__aeabi_memcpy</name>
         <value>0x2e63</value>
         <object_component_ref idref="oc-34"/>
      </symbol>
      <symbol id="sm-312">
         <name>__aeabi_memcpy8</name>
         <value>0x2e63</value>
         <object_component_ref idref="oc-34"/>
      </symbol>
      <symbol id="sm-313">
         <name>__aeabi_memcpy4</name>
         <value>0x2e63</value>
         <object_component_ref idref="oc-34"/>
      </symbol>
      <symbol id="sm-32a">
         <name>__TI_zero_init</name>
         <value>0x35e5</value>
         <object_component_ref idref="oc-46"/>
      </symbol>
      <symbol id="sm-341">
         <name>__TI_decompress_none</name>
         <value>0x35c9</value>
         <object_component_ref idref="oc-1a"/>
      </symbol>
      <symbol id="sm-364">
         <name>__TI_decompress_lzss</name>
         <value>0x3189</value>
         <object_component_ref idref="oc-14"/>
      </symbol>
      <symbol id="sm-372">
         <name>strlen</name>
         <value>0x35a3</value>
         <object_component_ref idref="oc-b5"/>
      </symbol>
      <symbol id="sm-385">
         <name>strstr</name>
         <value>0x34dd</value>
         <object_component_ref idref="oc-159"/>
      </symbol>
      <symbol id="sm-398">
         <name>__stack</name>
         <value>0x2000fc00</value>
         <object_component_ref idref="oc-26"/>
      </symbol>
      <symbol id="sm-399">
         <name>_c_int00_noargs</name>
         <value>0x34a9</value>
         <object_component_ref idref="oc-52"/>
      </symbol>
      <symbol id="sm-4fe">
         <name>__TI_printfi</name>
         <value>0xe5</value>
         <object_component_ref idref="oc-163"/>
      </symbol>
      <symbol id="sm-51e">
         <name>frexpl</name>
         <value>0x31f1</value>
         <object_component_ref idref="oc-284"/>
      </symbol>
      <symbol id="sm-51f">
         <name>frexp</name>
         <value>0x31f1</value>
         <object_component_ref idref="oc-284"/>
      </symbol>
      <symbol id="sm-53c">
         <name>scalbn</name>
         <value>0x2ba5</value>
         <object_component_ref idref="oc-28a"/>
      </symbol>
      <symbol id="sm-53d">
         <name>scalbnl</name>
         <value>0x2ba5</value>
         <object_component_ref idref="oc-28a"/>
      </symbol>
      <symbol id="sm-53e">
         <name>ldexpl</name>
         <value>0x2ba5</value>
         <object_component_ref idref="oc-28a"/>
      </symbol>
      <symbol id="sm-53f">
         <name>ldexp</name>
         <value>0x2ba5</value>
         <object_component_ref idref="oc-28a"/>
      </symbol>
      <symbol id="sm-556">
         <name>__aeabi_dsub</name>
         <value>0x2655</value>
         <object_component_ref idref="oc-264"/>
      </symbol>
      <symbol id="sm-557">
         <name>__aeabi_dadd</name>
         <value>0x265f</value>
         <object_component_ref idref="oc-264"/>
      </symbol>
      <symbol id="sm-579">
         <name>__aeabi_cdcmpeq</name>
         <value>0x2f95</value>
         <object_component_ref idref="oc-1d7"/>
      </symbol>
      <symbol id="sm-57a">
         <name>__aeabi_cdcmple</name>
         <value>0x2f95</value>
         <object_component_ref idref="oc-1d7"/>
      </symbol>
      <symbol id="sm-57b">
         <name>__aeabi_cdrcmple</name>
         <value>0x301b</value>
         <object_component_ref idref="oc-24f"/>
      </symbol>
      <symbol id="sm-58f">
         <name>__aeabi_ddiv</name>
         <value>0x2949</value>
         <object_component_ref idref="oc-24a"/>
      </symbol>
      <symbol id="sm-59a">
         <name>__aeabi_dmul</name>
         <value>0x2cb5</value>
         <object_component_ref idref="oc-245"/>
      </symbol>
      <symbol id="sm-5a4">
         <name>__aeabi_d2iz</name>
         <value>0x339d</value>
         <object_component_ref idref="oc-254"/>
      </symbol>
      <symbol id="sm-5ae">
         <name>__aeabi_i2d</name>
         <value>0x3511</value>
         <object_component_ref idref="oc-25f"/>
      </symbol>
      <symbol id="sm-5bb">
         <name>__aeabi_uldivmod</name>
         <value>0x2eff</value>
         <object_component_ref idref="oc-23e"/>
      </symbol>
      <symbol id="sm-5e3">
         <name>__TI_auto_init_nobinit_nopinit</name>
         <value>0x33e5</value>
         <object_component_ref idref="oc-11a"/>
      </symbol>
      <symbol id="sm-5ed">
         <name>_system_pre_init</name>
         <value>0x3605</value>
         <object_component_ref idref="oc-96"/>
      </symbol>
      <symbol id="sm-5f9">
         <name>C$$EXIT</name>
         <value>0x3609</value>
         <object_component_ref idref="oc-10e"/>
      </symbol>
      <symbol id="sm-5fa">
         <name>abort</name>
         <value>0x3609</value>
         <object_component_ref idref="oc-10e"/>
      </symbol>
      <symbol id="sm-612">
         <name>atoi</name>
         <value>0x3351</value>
         <object_component_ref idref="oc-1cb"/>
      </symbol>
      <symbol id="sm-61d">
         <name>_ctypes_</name>
         <value>0x360c</value>
         <object_component_ref idref="oc-239"/>
      </symbol>
      <symbol id="sm-62c">
         <name>ltoa</name>
         <value>0x32ab</value>
         <object_component_ref idref="oc-259"/>
      </symbol>
      <symbol id="sm-63c">
         <name>memccpy</name>
         <value>0x353f</value>
         <object_component_ref idref="oc-1f4"/>
      </symbol>
      <symbol id="sm-64c">
         <name>strchr</name>
         <value>0x358d</value>
         <object_component_ref idref="oc-290"/>
      </symbol>
      <symbol id="sm-662">
         <name>__aeabi_errno_addr</name>
         <value>0x35fd</value>
         <object_component_ref idref="oc-200"/>
      </symbol>
      <symbol id="sm-663">
         <name>errno</name>
         <value>0x20001024</value>
         <object_component_ref idref="oc-2a0"/>
      </symbol>
      <symbol id="sm-67c">
         <name>wcslen</name>
         <value>0x35b7</value>
         <object_component_ref idref="oc-1fa"/>
      </symbol>
      <symbol id="sm-686">
         <name>copysign</name>
         <value>0x355b</value>
         <object_component_ref idref="oc-2e3"/>
      </symbol>
      <symbol id="sm-687">
         <name>copysignl</name>
         <value>0x355b</value>
         <object_component_ref idref="oc-2e3"/>
      </symbol>
      <symbol id="sm-691">
         <name>__aeabi_idiv0</name>
         <value>0xb33</value>
         <object_component_ref idref="oc-2ca"/>
      </symbol>
      <symbol id="sm-692">
         <name>__aeabi_ldiv0</name>
         <value>0xb33</value>
         <object_component_ref idref="oc-2ca"/>
      </symbol>
      <symbol id="sm-693">
         <name>__TI_static_base__</name>
         <value>0x0</value>
      </symbol>
      <symbol id="sm-696">
         <name>__mpu_init</name>
         <value>0x0</value>
      </symbol>
      <symbol id="sm-697">
         <name>_system_post_cinit</name>
         <value>0x0</value>
      </symbol>
      <symbol id="sm-698">
         <name>NMI_Handler</name>
         <value>0x35e3</value>
      </symbol>
      <symbol id="sm-699">
         <name>HardFault_Handler</name>
         <value>0x35e3</value>
      </symbol>
      <symbol id="sm-69a">
         <name>MemManage_Handler</name>
         <value>0x35e3</value>
      </symbol>
      <symbol id="sm-69b">
         <name>BusFault_Handler</name>
         <value>0x35e3</value>
      </symbol>
      <symbol id="sm-69c">
         <name>UsageFault_Handler</name>
         <value>0x35e3</value>
      </symbol>
      <symbol id="sm-69d">
         <name>SVC_Handler</name>
         <value>0x35e3</value>
      </symbol>
      <symbol id="sm-69e">
         <name>DebugMon_Handler</name>
         <value>0x35e3</value>
      </symbol>
      <symbol id="sm-69f">
         <name>PendSV_Handler</name>
         <value>0x35e3</value>
      </symbol>
      <symbol id="sm-6a0">
         <name>SysTick_Handler</name>
         <value>0x10e5</value>
      </symbol>
      <symbol id="sm-6a1">
         <name>PSS_IRQHandler</name>
         <value>0x35e3</value>
      </symbol>
      <symbol id="sm-6a2">
         <name>CS_IRQHandler</name>
         <value>0x35e3</value>
      </symbol>
      <symbol id="sm-6a3">
         <name>PCM_IRQHandler</name>
         <value>0x35e3</value>
      </symbol>
      <symbol id="sm-6a4">
         <name>WDT_A_IRQHandler</name>
         <value>0x35e3</value>
      </symbol>
      <symbol id="sm-6a5">
         <name>FPU_IRQHandler</name>
         <value>0x35e3</value>
      </symbol>
      <symbol id="sm-6a6">
         <name>FLCTL_IRQHandler</name>
         <value>0x35e3</value>
      </symbol>
      <symbol id="sm-6a7">
         <name>COMP_E0_IRQHandler</name>
         <value>0x35e3</value>
      </symbol>
      <symbol id="sm-6a8">
         <name>COMP_E1_IRQHandler</name>
         <value>0x35e3</value>
      </symbol>
      <symbol id="sm-6a9">
         <name>TA0_0_IRQHandler</name>
         <value>0x35e3</value>
      </symbol>
      <symbol id="sm-6aa">
         <name>TA0_N_IRQHandler</name>
         <value>0x35e3</value>
      </symbol>
      <symbol id="sm-6ab">
         <name>TA1_0_IRQHandler</name>
         <value>0x35e3</value>
      </symbol>
      <symbol id="sm-6ac">
         <name>TA1_N_IRQHandler</name>
         <value>0x35e3</value>
      </symbol>
      <symbol id="sm-6ad">
         <name>TA2_0_IRQHandler</name>
         <value>0x35e3</value>
      </symbol>
      <symbol id="sm-6ae">
         <name>TA2_N_IRQHandler</name>
         <value>0x35e3</value>
      </symbol>
      <symbol id="sm-6af">
         <name>TA3_0_IRQHandler</name>
         <value>0x35e3</value>
      </symbol>
      <symbol id="sm-6b0">
         <name>TA3_N_IRQHandler</name>
         <value>0x35e3</value>
      </symbol>
      <symbol id="sm-6b1">
         <name>EUSCIA0_IRQHandler</name>
         <value>0x25cd</value>
      </symbol>
      <symbol id="sm-6b2">
         <name>EUSCIA1_IRQHandler</name>
         <value>0x35e3</value>
      </symbol>
      <symbol id="sm-6b3">
         <name>EUSCIA2_IRQHandler</name>
         <value>0x25d9</value>
      </symbol>
      <symbol id="sm-6b4">
         <name>EUSCIA3_IRQHandler</name>
         <value>0x35e3</value>
      </symbol>
      <symbol id="sm-6b5">
         <name>EUSCIB0_IRQHandler</name>
         <value>0x35e3</value>
      </symbol>
      <symbol id="sm-6b6">
         <name>EUSCIB1_IRQHandler</name>
         <value>0x35e3</value>
      </symbol>
      <symbol id="sm-6b7">
         <name>EUSCIB2_IRQHandler</name>
         <value>0x35e3</value>
      </symbol>
      <symbol id="sm-6b8">
         <name>EUSCIB3_IRQHandler</name>
         <value>0x35e3</value>
      </symbol>
      <symbol id="sm-6b9">
         <name>ADC14_IRQHandler</name>
         <value>0x117f</value>
      </symbol>
      <symbol id="sm-6ba">
         <name>T32_INT1_IRQHandler</name>
         <value>0x35e3</value>
      </symbol>
      <symbol id="sm-6bb">
         <name>T32_INT2_IRQHandler</name>
         <value>0x35e3</value>
      </symbol>
      <symbol id="sm-6bc">
         <name>T32_INTC_IRQHandler</name>
         <value>0x35e3</value>
      </symbol>
      <symbol id="sm-6bd">
         <name>AES256_IRQHandler</name>
         <value>0x35e3</value>
      </symbol>
      <symbol id="sm-6be">
         <name>RTC_C_IRQHandler</name>
         <value>0x35e3</value>
      </symbol>
      <symbol id="sm-6bf">
         <name>DMA_ERR_IRQHandler</name>
         <value>0x35e3</value>
      </symbol>
      <symbol id="sm-6c0">
         <name>DMA_INT3_IRQHandler</name>
         <value>0x35e3</value>
      </symbol>
      <symbol id="sm-6c1">
         <name>DMA_INT2_IRQHandler</name>
         <value>0x35e3</value>
      </symbol>
      <symbol id="sm-6c2">
         <name>DMA_INT1_IRQHandler</name>
         <value>0x35e3</value>
      </symbol>
      <symbol id="sm-6c3">
         <name>DMA_INT0_IRQHandler</name>
         <value>0x35e3</value>
      </symbol>
      <symbol id="sm-6c4">
         <name>PORT1_IRQHandler</name>
         <value>0x35e3</value>
      </symbol>
      <symbol id="sm-6c5">
         <name>PORT2_IRQHandler</name>
         <value>0x35e3</value>
      </symbol>
      <symbol id="sm-6c6">
         <name>PORT3_IRQHandler</name>
         <value>0x35e3</value>
      </symbol>
      <symbol id="sm-6c7">
         <name>PORT4_IRQHandler</name>
         <value>0x35e3</value>
      </symbol>
      <symbol id="sm-6c8">
         <name>PORT5_IRQHandler</name>
         <value>0x35e3</value>
      </symbol>
      <symbol id="sm-6c9">
         <name>PORT6_IRQHandler</name>
         <value>0x35e3</value>
      </symbol>
   </symbol_table>
   <title>Link successful</title>
</link_info>
